INFO 129 artifacts match host='icicipruamc.com'
INFO Routing to parser=portfolio_zip for dataset_type=portfolio_disclosure file_type=zip
INFO parsed 2193 records from https://www.icicipruamc.com/blob/downloads/Files/Fortnightly%20Portfolio%20Disclosures/2026/Fortnightly%20Debt%20Scheme%20Portfolio%20-%2015th%20August%202026.zip
WARNING snapshot_pct_sum out of range [85.0, 115.0]: scheme='ICICI Prudential Floating Interest Fund' reporting_date='2026-08-15' pct_sum=3.3335 n_records=135
WARNING snapshot_pct_sum out of range [85.0, 115.0]: scheme='ICICI Prudential Gilt Fund' reporting_date='2026-08-15' pct_sum=63.2178 n_records=59
WARNING snapshot_pct_sum out of range [85.0, 115.0]: scheme='ICICI Prudential Overnight Fund' reporting_date='2026-08-15' pct_sum=4.5116 n_records=8
WARNING snapshot_pct_sum out of range [85.0, 115.0]: scheme='ICICI Prudential Regular Savings Fund' reporting_date='2026-08-15' pct_sum=120.6551 n_records=134
WARNING snapshot_pct_sum out of range [85.0, 115.0]: scheme='ICICI Prudential Savings Fund' reporting_date='2026-08-15' pct_sum=75.8004 n_records=153
WARNING snapshot_pct_sum out of range [85.0, 115.0]: scheme='ICICI Prudential Ultra Short Term Fund' reporting_date='2026-08-15' pct_sum=38.4309 n_records=182
WARNING snapshot_pct_sum out of range [85.0, 115.0]: scheme='ICICI Prudential Bond Fund' reporting_date='2026-08-15' pct_sum=70.3767 n_records=56
INFO Routing to parser=portfolio_zip for dataset_type=portfolio_disclosure file_type=zip
INFO parsed 2196 records from https://www.icicipruamc.com/blob/downloads/Files/Fortnightly%20Portfolio%20Disclosures/2026/Fortnightly%20Debt%20Scheme%20Portfolio%20-%2031st%20July%202026.zip
WARNING snapshot_pct_sum out of range [85.0, 115.0]: scheme='ICICI Prudential Credit Risk Fund' reporting_date='2026-07-31' pct_sum=117.0152 n_records=108
WARNING snapshot_pct_sum out of range [85.0, 115.0]: scheme='ICICI Prudential Floating Interest Fund' reporting_date='2026-07-31' pct_sum=3.5419 n_records=129
WARNING snapshot_pct_sum out of range [85.0, 115.0]: scheme='ICICI Prudential Medium Term Bond Fund' reporting_date='2026-07-31' pct_sum=115.3937 n_records=113
WARNING snapshot_pct_sum out of range [85.0, 115.0]: scheme='ICICI Prudential Overnight Fund' reporting_date='2026-07-31' pct_sum=83.7071 n_records=10
WARNING snapshot_pct_sum out of range [85.0, 115.0]: scheme='ICICI Prudential Regular Savings Fund' reporting_date='2026-07-31' pct_sum=121.0377 n_records=140
WARNING snapshot_pct_sum out of range [85.0, 115.0]: scheme='ICICI Prudential Savings Fund' reporting_date='2026-07-31' pct_sum=79.9754 n_records=159
WARNING snapshot_pct_sum out of range [85.0, 115.0]: scheme='ICICI Prudential Ultra Short Term Fund' reporting_date='2026-07-31' pct_sum=42.6736 n_records=178
INFO Routing to parser=portfolio_zip for dataset_type=portfolio_disclosure file_type=zip
INFO parsed 2176 records from https://www.icicipruamc.com/blob/downloads/Files/Fortnightly%20Portfolio%20Disclosures/2026/Fortnightly%20Debt%20Scheme%20Portfolio%20-%2015th%20July%202026.zip
WARNING snapshot_pct_sum out of range [85.0, 115.0]: scheme='ICICI Prudential Regular Savings Fund' reporting_date='2026-07-15' pct_sum=120.7448 n_records=140
WARNING snapshot_pct_sum out of range [85.0, 115.0]: scheme='ICICI Prudential Savings Fund' reporting_date='2026-07-15' pct_sum=80.293 n_records=166
WARNING snapshot_pct_sum out of range [85.0, 115.0]: scheme='ICICI Prudential Ultra Short Term Fund' reporting_date='2026-07-15' pct_sum=42.9397 n_records=179
WARNING snapshot_pct_sum out of range [85.0, 115.0]: scheme='ICICI Prudential Floating Interest Fund' reporting_date='2026-07-15' pct_sum=8.2875 n_records=123
INFO Routing to parser=portfolio_zip for dataset_type=portfolio_disclosure file_type=zip
INFO parsed 2162 records from https://www.icicipruamc.com/blob/downloads/Files/Fortnightly%20Portfolio%20Disclosures/2026/Fortnightly%20Debt%20Scheme%20Portfolio%20-%2030th%20June%202026.zip
WARNING snapshot_pct_sum out of range [85.0, 115.0]: scheme='ICICI Prudential Regular Savings Fund' reporting_date='2026-06-30' pct_sum=119.971 n_records=140
WARNING snapshot_pct_sum out of range [85.0, 115.0]: scheme='ICICI Prudential Savings Fund' reporting_date='2026-06-30' pct_sum=78.1289 n_records=172
WARNING snapshot_pct_sum out of range [85.0, 115.0]: scheme='ICICI Prudential Ultra Short Term Fund' reporting_date='2026-06-30' pct_sum=41.377 n_records=170
WARNING snapshot_pct_sum out of range [85.0, 115.0]: scheme='ICICI Prudential Constant Maturity Gilt Fund' reporting_date='2026-06-30' pct_sum=82.8677 n_records=13
WARNING snapshot_pct_sum out of range [85.0, 115.0]: scheme='ICICI Prudential Floating Interest Fund' reporting_date='2026-06-30' pct_sum=7.507 n_records=123
WARNING snapshot_pct_sum out of range [85.0, 115.0]: scheme='ICICI Prudential Liquid Fund' reporting_date='2026-06-30' pct_sum=117.3467 n_records=176
INFO Routing to parser=portfolio_zip for dataset_type=portfolio_disclosure file_type=zip
INFO parsed 2135 records from https://www.icicipruamc.com/blob/downloads/Files/Fortnightly%20Portfolio%20Disclosures/2026/Fortnightly%20Debt%20Scheme%20Portfolio%20-%2015th%20June%202026.zip
WARNING snapshot_pct_sum out of range [85.0, 115.0]: scheme='ICICI Prudential Floating Interest Fund' reporting_date='2026-06-15' pct_sum=22.5067 n_records=117
WARNING snapshot_pct_sum out of range [85.0, 115.0]: scheme='ICICI Prudential Regular Savings Fund' reporting_date='2026-06-15' pct_sum=121.4734 n_records=142
WARNING snapshot_pct_sum out of range [85.0, 115.0]: scheme='ICICI Prudential Ultra Short Term Fund' reporting_date='2026-06-15' pct_sum=57.6472 n_records=158
INFO Routing to parser=portfolio_zip for dataset_type=portfolio_disclosure file_type=zip
INFO parsed 2147 records from https://www.icicipruamc.com/blob/downloads/Files/Fortnightly%20Portfolio%20Disclosures/2026/Fortnightly%20Debt%20Scheme%20Portfolio%20-%2031st%20May%202026.zip
WARNING snapshot_pct_sum out of range [85.0, 115.0]: scheme='ICICI Prudential Regular Savings Fund' reporting_date='2026-05-31' pct_sum=119.9327 n_records=139
WARNING snapshot_pct_sum out of range [85.0, 115.0]: scheme='ICICI Prudential Ultra Short Term Fund' reporting_date='2026-05-31' pct_sum=67.5127 n_records=144
WARNING snapshot_pct_sum out of range [85.0, 115.0]: scheme='ICICI Prudential Floating Interest Fund' reporting_date='2026-05-31' pct_sum=17.8299 n_records=116
INFO Routing to parser=portfolio_zip for dataset_type=portfolio_disclosure file_type=zip
INFO parsed 2134 records from https://www.icicipruamc.com/blob/downloads/Files/Fortnightly%20Portfolio%20Disclosures/2026/Fortnightly%20Debt%20Scheme%20Portfolio%20-%2015th%20May%202026.zip
WARNING snapshot_pct_sum out of range [85.0, 115.0]: scheme='ICICI Prudential Floating Interest Fund' reporting_date='2026-05-15' pct_sum=-2.2601 n_records=109
WARNING snapshot_pct_sum out of range [85.0, 115.0]: scheme='ICICI Prudential Overnight Fund' reporting_date='2026-05-15' pct_sum=78.3665 n_records=9
WARNING snapshot_pct_sum out of range [85.0, 115.0]: scheme='ICICI Prudential Regular Savings Fund' reporting_date='2026-05-15' pct_sum=118.8245 n_records=138
WARNING snapshot_pct_sum out of range [85.0, 115.0]: scheme='ICICI Prudential Savings Fund' reporting_date='2026-05-15' pct_sum=74.3477 n_records=198
WARNING snapshot_pct_sum out of range [85.0, 115.0]: scheme='ICICI Prudential Ultra Short Term Fund' reporting_date='2026-05-15' pct_sum=67.0978 n_records=143
INFO Routing to parser=portfolio_zip for dataset_type=portfolio_disclosure file_type=zip
INFO parsed 2156 records from https://www.icicipruamc.com/blob/downloads/Files/Fortnightly%20Portfolio%20Disclosures/2026/Fortnightly%20Debt%20Scheme%20Portfolio%20-%2030th%20April%202026.zip
WARNING snapshot_pct_sum out of range [85.0, 115.0]: scheme='ICICI Prudential Floating Interest Fund' reporting_date='2026-04-30' pct_sum=3.3601 n_records=107
WARNING snapshot_pct_sum out of range [85.0, 115.0]: scheme='ICICI Prudential Regular Savings Fund' reporting_date='2026-04-30' pct_sum=117.2076 n_records=138
WARNING snapshot_pct_sum out of range [85.0, 115.0]: scheme='ICICI Prudential Savings Fund' reporting_date='2026-04-30' pct_sum=70.3037 n_records=219
WARNING snapshot_pct_sum out of range [85.0, 115.0]: scheme='ICICI Prudential Ultra Short Term Fund' reporting_date='2026-04-30' pct_sum=61.7762 n_records=136
WARNING snapshot_pct_sum out of range [85.0, 115.0]: scheme='ICICI Prudential Bond Fund' reporting_date='2026-04-30' pct_sum=66.9597 n_records=64
INFO Routing to parser=portfolio_zip for dataset_type=portfolio_disclosure file_type=zip
INFO parsed 2216 records from https://www.icicipruamc.com/blob/downloads/Files/Fortnightly%20Portfolio%20Disclosures/2026/Fortnightly%20Debt%20Scheme%20Portfolio%20-%2015th%20April%202026.zip
WARNING snapshot_pct_sum out of range [85.0, 115.0]: scheme='ICICI Prudential Floating Interest Fund' reporting_date='2026-04-15' pct_sum=4.6573 n_records=111
WARNING snapshot_pct_sum out of range [85.0, 115.0]: scheme='ICICI Prudential Regular Savings Fund' reporting_date='2026-04-15' pct_sum=121.1494 n_records=143
WARNING snapshot_pct_sum out of range [85.0, 115.0]: scheme='ICICI Prudential Savings Fund' reporting_date='2026-04-15' pct_sum=57.4014 n_records=231
WARNING snapshot_pct_sum out of range [85.0, 115.0]: scheme='ICICI Prudential Ultra Short Term Fund' reporting_date='2026-04-15' pct_sum=47.4259 n_records=150
WARNING snapshot_pct_sum out of range [85.0, 115.0]: scheme='ICICI Prudential Bond Fund' reporting_date='2026-04-15' pct_sum=68.2746 n_records=65
INFO Routing to parser=portfolio_zip for dataset_type=portfolio_disclosure file_type=zip
INFO parsed 2255 records from https://www.icicipruamc.com/blob/downloads/Files/Fortnightly%20Portfolio%20Disclosures/2026/Fortnightly%20Debt%20Scheme%20Portfolio%20-%2031st%20March%202026.zip
WARNING snapshot_pct_sum out of range [85.0, 115.0]: scheme='ICICI Prudential Floating Interest Fund' reporting_date='2026-03-31' pct_sum=7.2574 n_records=112
WARNING snapshot_pct_sum out of range [85.0, 115.0]: scheme='ICICI Prudential Regular Savings Fund' reporting_date='2026-03-31' pct_sum=120.5595 n_records=145
WARNING snapshot_pct_sum out of range [85.0, 115.0]: scheme='ICICI Prudential Savings Fund' reporting_date='2026-03-31' pct_sum=43.5876 n_records=238
WARNING snapshot_pct_sum out of range [85.0, 115.0]: scheme='ICICI Prudential Ultra Short Term Fund' reporting_date='2026-03-31' pct_sum=26.5221 n_records=162
WARNING snapshot_pct_sum out of range [85.0, 115.0]: scheme='ICICI Prudential Bond Fund' reporting_date='2026-03-31' pct_sum=65.6872 n_records=66
WARNING snapshot_pct_sum out of range [85.0, 115.0]: scheme='ICICI Prudential Constant Maturity Gilt Fund' reporting_date='2026-03-31' pct_sum=82.9838 n_records=12
INFO SKIP (re-fetched checksum known): https://www.icicipruamc.com/blob/downloads/Files/Fortnightly%20Portfolio%20Disclosures/2026/Fortnightly%20Debt%20Scheme%20Portfolio%20-%2015th%20August%202026.zip
INFO SKIP (re-fetched checksum known): https://www.icicipruamc.com/blob/downloads/Files/Fortnightly%20Portfolio%20Disclosures/2026/Fortnightly%20Debt%20Scheme%20Portfolio%20-%2031st%20July%202026.zip
INFO SKIP (re-fetched checksum known): https://www.icicipruamc.com/blob/downloads/Files/Fortnightly%20Portfolio%20Disclosures/2026/Fortnightly%20Debt%20Scheme%20Portfolio%20-%2015th%20July%202026.zip
INFO SKIP (re-fetched checksum known): https://www.icicipruamc.com/blob/downloads/Files/Fortnightly%20Portfolio%20Disclosures/2026/Fortnightly%20Debt%20Scheme%20Portfolio%20-%2030th%20June%202026.zip
INFO SKIP (re-fetched checksum known): https://www.icicipruamc.com/blob/downloads/Files/Fortnightly%20Portfolio%20Disclosures/2026/Fortnightly%20Debt%20Scheme%20Portfolio%20-%2015th%20June%202026.zip
INFO SKIP (re-fetched checksum known): https://www.icicipruamc.com/blob/downloads/Files/Fortnightly%20Portfolio%20Disclosures/2026/Fortnightly%20Debt%20Scheme%20Portfolio%20-%2031st%20May%202026.zip
INFO SKIP (re-fetched checksum known): https://www.icicipruamc.com/blob/downloads/Files/Fortnightly%20Portfolio%20Disclosures/2026/Fortnightly%20Debt%20Scheme%20Portfolio%20-%2015th%20May%202026.zip
INFO SKIP (re-fetched checksum known): https://www.icicipruamc.com/blob/downloads/Files/Fortnightly%20Portfolio%20Disclosures/2026/Fortnightly%20Debt%20Scheme%20Portfolio%20-%2030th%20April%202026.zip
INFO SKIP (re-fetched checksum known): https://www.icicipruamc.com/blob/downloads/Files/Fortnightly%20Portfolio%20Disclosures/2026/Fortnightly%20Debt%20Scheme%20Portfolio%20-%2015th%20April%202026.zip
INFO SKIP (re-fetched checksum known): https://www.icicipruamc.com/blob/downloads/Files/Fortnightly%20Portfolio%20Disclosures/2026/Fortnightly%20Debt%20Scheme%20Portfolio%20-%2031st%20March%202026.zip
INFO Routing to parser=portfolio_zip for dataset_type=portfolio_disclosure file_type=zip
INFO parsed 2305 records from https://www.icicipruamc.com/blob/downloads/Files/Fortnightly%20Portfolio%20Disclosures/2026/Fortnightly%20Debt%20Scheme%20Portfolio%20-%2015th%20March%202026.zip
WARNING snapshot_pct_sum out of range [85.0, 115.0]: scheme='ICICI Prudential Bond Fund' reporting_date='2026-03-15' pct_sum=52.3836 n_records=66
WARNING snapshot_pct_sum out of range [85.0, 115.0]: scheme='ICICI Prudential Constant Maturity Gilt Fund' reporting_date='2026-03-15' pct_sum=84.3702 n_records=12
WARNING snapshot_pct_sum out of range [85.0, 115.0]: scheme='ICICI Prudential Corporate Bond Fund' reporting_date='2026-03-15' pct_sum=76.0154 n_records=228
WARNING snapshot_pct_sum out of range [85.0, 115.0]: scheme='ICICI Prudential Floating Interest Fund' reporting_date='2026-03-15' pct_sum=-4.6936 n_records=117
WARNING snapshot_pct_sum out of range [85.0, 115.0]: scheme='ICICI Prudential Gilt Fund' reporting_date='2026-03-15' pct_sum=59.607 n_records=62
WARNING snapshot_pct_sum out of range [85.0, 115.0]: scheme='ICICI Prudential Regular Savings Fund' reporting_date='2026-03-15' pct_sum=119.3924 n_records=145
WARNING snapshot_pct_sum out of range [85.0, 115.0]: scheme='ICICI Prudential Savings Fund' reporting_date='2026-03-15' pct_sum=46.5447 n_records=246
WARNING snapshot_pct_sum out of range [85.0, 115.0]: scheme='ICICI Prudential Short Term Fund' reporting_date='2026-03-15' pct_sum=78.6253 n_records=208
WARNING snapshot_pct_sum out of range [85.0, 115.0]: scheme='ICICI Prudential Ultra Short Term Fund' reporting_date='2026-03-15' pct_sum=35.8021 n_records=175
WARNING snapshot_pct_sum out of range [85.0, 115.0]: scheme='ICICI Prudential All Seasons Bond Fund' reporting_date='2026-03-15' pct_sum=71.1046 n_records=123
WARNING snapshot_pct_sum out of range [85.0, 115.0]: scheme='ICICI Prudential Banking & PSU Debt Fund' reporting_date='2026-03-15' pct_sum=84.685 n_records=116
INFO Routing to parser=portfolio_zip for dataset_type=portfolio_disclosure file_type=zip
INFO parsed 2329 records from https://www.icicipruamc.com/blob/downloads/Files/Fortnightly%20Portfolio%20Disclosures/2026/Fortnightly%20Debt%20Scheme%20Portfolio%20-%2028th%20February%202026.zip
WARNING snapshot_pct_sum out of range [85.0, 115.0]: scheme='ICICI Prudential Corporate Bond Fund' reporting_date='2026-02-28' pct_sum=78.1168 n_records=226
WARNING snapshot_pct_sum out of range [85.0, 115.0]: scheme='ICICI Prudential Floating Interest Fund' reporting_date='2026-02-28' pct_sum=-2.2205 n_records=115
WARNING snapshot_pct_sum out of range [85.0, 115.0]: scheme='ICICI Prudential Gilt Fund' reporting_date='2026-02-28' pct_sum=75.4923 n_records=62
WARNING snapshot_pct_sum out of range [85.0, 115.0]: scheme='ICICI Prudential Regular Savings Fund' reporting_date='2026-02-28' pct_sum=119.104 n_records=141
WARNING snapshot_pct_sum out of range [85.0, 115.0]: scheme='ICICI Prudential Savings Fund' reporting_date='2026-02-28' pct_sum=46.2483 n_records=260
WARNING snapshot_pct_sum out of range [85.0, 115.0]: scheme='ICICI Prudential Short Term Fund' reporting_date='2026-02-28' pct_sum=81.7519 n_records=213
WARNING snapshot_pct_sum out of range [85.0, 115.0]: scheme='ICICI Prudential Ultra Short Term Fund' reporting_date='2026-02-28' pct_sum=33.8376 n_records=170
WARNING snapshot_pct_sum out of range [85.0, 115.0]: scheme='ICICI Prudential All Seasons Bond Fund' reporting_date='2026-02-28' pct_sum=78.0811 n_records=121
WARNING snapshot_pct_sum out of range [85.0, 115.0]: scheme='ICICI Prudential Bond Fund' reporting_date='2026-02-28' pct_sum=55.1578 n_records=67
INFO Routing to parser=portfolio_zip for dataset_type=portfolio_disclosure file_type=zip
INFO parsed 2301 records from https://www.icicipruamc.com/blob/downloads/Files/Fortnightly%20Portfolio%20Disclosures/2026/Fortnightly%20Debt%20Scheme%20Portfolio%20-%2015th%20February%202026.zip
WARNING snapshot_pct_sum out of range [85.0, 115.0]: scheme='ICICI Prudential Corporate Bond Fund' reporting_date='2026-02-15' pct_sum=80.8183 n_records=224
WARNING snapshot_pct_sum out of range [85.0, 115.0]: scheme='ICICI Prudential Floating Interest Fund' reporting_date='2026-02-15' pct_sum=7.292 n_records=101
WARNING snapshot_pct_sum out of range [85.0, 115.0]: scheme='ICICI Prudential Gilt Fund' reporting_date='2026-02-15' pct_sum=73.4597 n_records=62
WARNING snapshot_pct_sum out of range [85.0, 115.0]: scheme='ICICI Prudential Regular Savings Fund' reporting_date='2026-02-15' pct_sum=118.4731 n_records=141
WARNING snapshot_pct_sum out of range [85.0, 115.0]: scheme='ICICI Prudential Savings Fund' reporting_date='2026-02-15' pct_sum=59.3164 n_records=246
WARNING snapshot_pct_sum out of range [85.0, 115.0]: scheme='ICICI Prudential Short Term Fund' reporting_date='2026-02-15' pct_sum=80.1974 n_records=207
WARNING snapshot_pct_sum out of range [85.0, 115.0]: scheme='ICICI Prudential Ultra Short Term Fund' reporting_date='2026-02-15' pct_sum=37.4387 n_records=175
WARNING snapshot_pct_sum out of range [85.0, 115.0]: scheme='ICICI Prudential All Seasons Bond Fund' reporting_date='2026-02-15' pct_sum=76.7358 n_records=120
WARNING snapshot_pct_sum out of range [85.0, 115.0]: scheme='ICICI Prudential Bond Fund' reporting_date='2026-02-15' pct_sum=55.6519 n_records=67
INFO Routing to parser=portfolio_zip for dataset_type=portfolio_disclosure file_type=zip
INFO parsed 2319 records from https://www.icicipruamc.com/blob/downloads/Files/Fortnightly%20Portfolio%20Disclosures/2026/Fortnightly%20Debt%20Scheme%20Portfolio%20-%2031st%20January%202026.zip
WARNING snapshot_pct_sum out of range [85.0, 115.0]: scheme='ICICI Prudential Corporate Bond Fund' reporting_date='2026-01-31' pct_sum=77.6163 n_records=230
WARNING snapshot_pct_sum out of range [85.0, 115.0]: scheme='ICICI Prudential Floating Interest Fund' reporting_date='2026-01-31' pct_sum=10.2751 n_records=99
WARNING snapshot_pct_sum out of range [85.0, 115.0]: scheme='ICICI Prudential Gilt Fund' reporting_date='2026-01-31' pct_sum=49.7099 n_records=70
WARNING snapshot_pct_sum out of range [85.0, 115.0]: scheme='ICICI Prudential Regular Savings Fund' reporting_date='2026-01-31' pct_sum=120.7448 n_records=139
WARNING snapshot_pct_sum out of range [85.0, 115.0]: scheme='ICICI Prudential Savings Fund' reporting_date='2026-01-31' pct_sum=69.9135 n_records=244
WARNING snapshot_pct_sum out of range [85.0, 115.0]: scheme='ICICI Prudential Short Term Fund' reporting_date='2026-01-31' pct_sum=82.6086 n_records=206
WARNING snapshot_pct_sum out of range [85.0, 115.0]: scheme='ICICI Prudential Ultra Short Term Fund' reporting_date='2026-01-31' pct_sum=49.9648 n_records=168
WARNING snapshot_pct_sum out of range [85.0, 115.0]: scheme='ICICI Prudential All Seasons Bond Fund' reporting_date='2026-01-31' pct_sum=67.5529 n_records=129
WARNING snapshot_pct_sum out of range [85.0, 115.0]: scheme='ICICI Prudential Banking & PSU Debt Fund' reporting_date='2026-01-31' pct_sum=81.7618 n_records=115
WARNING snapshot_pct_sum out of range [85.0, 115.0]: scheme='ICICI Prudential Bond Fund' reporting_date='2026-01-31' pct_sum=37.9204 n_records=65
INFO Routing to parser=portfolio_zip for dataset_type=portfolio_disclosure file_type=zip
INFO parsed 2348 records from https://www.icicipruamc.com/blob/downloads/Files/Fortnightly%20Portfolio%20Disclosures/2026/Fortnightly%20Debt%20Scheme%20Portfolio%20-%2015th%20January%202026.zip
WARNING snapshot_pct_sum out of range [85.0, 115.0]: scheme='ICICI Prudential Savings Fund' reporting_date='2026-01-15' pct_sum=74.0591 n_records=243
WARNING snapshot_pct_sum out of range [85.0, 115.0]: scheme='ICICI Prudential Short Term Fund' reporting_date='2026-01-15' pct_sum=76.3515 n_records=202
WARNING snapshot_pct_sum out of range [85.0, 115.0]: scheme='ICICI Prudential Ultra Short Term Fund' reporting_date='2026-01-15' pct_sum=68.7079 n_records=157
WARNING snapshot_pct_sum out of range [85.0, 115.0]: scheme='ICICI Prudential All Seasons Bond Fund' reporting_date='2026-01-15' pct_sum=51.8113 n_records=143
WARNING snapshot_pct_sum out of range [85.0, 115.0]: scheme='ICICI Prudential Banking & PSU Debt Fund' reporting_date='2026-01-15' pct_sum=80.2345 n_records=118
WARNING snapshot_pct_sum out of range [85.0, 115.0]: scheme='ICICI Prudential Bond Fund' reporting_date='2026-01-15' pct_sum=32.391 n_records=69
WARNING snapshot_pct_sum out of range [85.0, 115.0]: scheme='ICICI Prudential Corporate Bond Fund' reporting_date='2026-01-15' pct_sum=73.5318 n_records=237
WARNING snapshot_pct_sum out of range [85.0, 115.0]: scheme='ICICI Prudential Floating Interest Fund' reporting_date='2026-01-15' pct_sum=20.0256 n_records=96
WARNING snapshot_pct_sum out of range [85.0, 115.0]: scheme='ICICI Prudential Gilt Fund' reporting_date='2026-01-15' pct_sum=17.0663 n_records=90
WARNING snapshot_pct_sum out of range [85.0, 115.0]: scheme='ICICI Prudential Long Term Bond Fund' reporting_date='2026-01-15' pct_sum=72.7135 n_records=29
INFO Routing to parser=portfolio_zip for dataset_type=portfolio_disclosure file_type=zip
INFO parsed 2475 records from https://www.icicipruamc.com/blob/downloads/Files/Fortnightly%20Portfolio%20Disclosures/2025/Fortnightly%20Debt%20Scheme%20Portfolio%20-%2031st%20December%202025.zip
WARNING snapshot_pct_sum out of range [85.0, 115.0]: scheme='ICICI Prudential Corporate Bond Fund' reporting_date='2025-12-31' pct_sum=72.4431 n_records=259
WARNING snapshot_pct_sum out of range [85.0, 115.0]: scheme='ICICI Prudential Floating Interest Fund' reporting_date='2025-12-31' pct_sum=24.9953 n_records=98
WARNING snapshot_pct_sum out of range [85.0, 115.0]: scheme='ICICI Prudential Gilt Fund' reporting_date='2025-12-31' pct_sum=-10.6122 n_records=103
WARNING snapshot_pct_sum out of range [85.0, 115.0]: scheme='ICICI Prudential Long Term Bond Fund' reporting_date='2025-12-31' pct_sum=72.9148 n_records=29
WARNING snapshot_pct_sum out of range [85.0, 115.0]: scheme='ICICI Prudential Retirement Fund - Pure Debt Plan' reporting_date='2025-12-31' pct_sum=84.8189 n_records=16
WARNING snapshot_pct_sum out of range [85.0, 115.0]: scheme='ICICI Prudential Savings Fund' reporting_date='2025-12-31' pct_sum=74.8102 n_records=249
WARNING snapshot_pct_sum out of range [85.0, 115.0]: scheme='ICICI Prudential Short Term Fund' reporting_date='2025-12-31' pct_sum=81.844 n_records=226
WARNING snapshot_pct_sum out of range [85.0, 115.0]: scheme='ICICI Prudential Ultra Short Term Fund' reporting_date='2025-12-31' pct_sum=84.0265 n_records=166
WARNING snapshot_pct_sum out of range [85.0, 115.0]: scheme='ICICI Prudential All Seasons Bond Fund' reporting_date='2025-12-31' pct_sum=37.7521 n_records=156
WARNING snapshot_pct_sum out of range [85.0, 115.0]: scheme='ICICI Prudential Banking & PSU Debt Fund' reporting_date='2025-12-31' pct_sum=72.4598 n_records=125
WARNING snapshot_pct_sum out of range [85.0, 115.0]: scheme='ICICI Prudential Bond Fund' reporting_date='2025-12-31' pct_sum=30.1403 n_records=72
INFO Routing to parser=portfolio_zip for dataset_type=portfolio_disclosure file_type=zip
INFO parsed 2487 records from https://www.icicipruamc.com/blob/downloads/Files/Fortnightly%20Portfolio%20Disclosures/2025/Fortnightly%20Debt%20Scheme%20Portfolio%20-%2015th%20December%202025.zip
WARNING snapshot_pct_sum out of range [85.0, 115.0]: scheme='ICICI Prudential Corporate Bond Fund' reporting_date='2025-12-15' pct_sum=68.2488 n_records=261
WARNING snapshot_pct_sum out of range [85.0, 115.0]: scheme='ICICI Prudential Floating Interest Fund' reporting_date='2025-12-15' pct_sum=21.2884 n_records=94
WARNING snapshot_pct_sum out of range [85.0, 115.0]: scheme='ICICI Prudential Gilt Fund' reporting_date='2025-12-15' pct_sum=-17.1761 n_records=102
WARNING snapshot_pct_sum out of range [85.0, 115.0]: scheme='ICICI Prudential Long Term Bond Fund' reporting_date='2025-12-15' pct_sum=71.5655 n_records=29
WARNING snapshot_pct_sum out of range [85.0, 115.0]: scheme='ICICI Prudential Retirement Fund - Pure Debt Plan' reporting_date='2025-12-15' pct_sum=79.8153 n_records=15
WARNING snapshot_pct_sum out of range [85.0, 115.0]: scheme='ICICI Prudential Savings Fund' reporting_date='2025-12-15' pct_sum=68.1095 n_records=257
WARNING snapshot_pct_sum out of range [85.0, 115.0]: scheme='ICICI Prudential Short Term Fund' reporting_date='2025-12-15' pct_sum=71.7522 n_records=229
WARNING snapshot_pct_sum out of range [85.0, 115.0]: scheme='ICICI Prudential Ultra Short Term Fund' reporting_date='2025-12-15' pct_sum=60.7278 n_records=174
WARNING snapshot_pct_sum out of range [85.0, 115.0]: scheme='ICICI Prudential All Seasons Bond Fund' reporting_date='2025-12-15' pct_sum=34.4515 n_records=156
WARNING snapshot_pct_sum out of range [85.0, 115.0]: scheme='ICICI Prudential Banking & PSU Debt Fund' reporting_date='2025-12-15' pct_sum=71.1128 n_records=123
WARNING snapshot_pct_sum out of range [85.0, 115.0]: scheme='ICICI Prudential Bond Fund' reporting_date='2025-12-15' pct_sum=20.1264 n_records=72
INFO Routing to parser=portfolio_zip for dataset_type=portfolio_disclosure file_type=zip
INFO parsed 2500 records from https://www.icicipruamc.com/blob/downloads/Files/Fortnightly%20Portfolio%20Disclosures/2025/Fortnightly%20Debt%20Scheme%20Portfolio%20-%2030th%20November%202025.zip
WARNING snapshot_pct_sum out of range [85.0, 115.0]: scheme='ICICI Prudential Corporate Bond Fund' reporting_date='2025-11-30' pct_sum=69.0456 n_records=266
WARNING snapshot_pct_sum out of range [85.0, 115.0]: scheme='ICICI Prudential Floating Interest Fund' reporting_date='2025-11-30' pct_sum=29.9847 n_records=97
WARNING snapshot_pct_sum out of range [85.0, 115.0]: scheme='ICICI Prudential Gilt Fund' reporting_date='2025-11-30' pct_sum=-28.3882 n_records=111
WARNING snapshot_pct_sum out of range [85.0, 115.0]: scheme='ICICI Prudential Long Term Bond Fund' reporting_date='2025-11-30' pct_sum=66.4859 n_records=30
WARNING snapshot_pct_sum out of range [85.0, 115.0]: scheme='ICICI Prudential Overnight Fund' reporting_date='2025-11-30' pct_sum=4.6105 n_records=4
WARNING snapshot_pct_sum out of range [85.0, 115.0]: scheme='ICICI Prudential Retirement Fund - Hybrid Conservative Plan' reporting_date='2025-11-30' pct_sum=124.7363 n_records=40
WARNING snapshot_pct_sum out of range [85.0, 115.0]: scheme='ICICI Prudential Savings Fund' reporting_date='2025-11-30' pct_sum=68.8298 n_records=252
WARNING snapshot_pct_sum out of range [85.0, 115.0]: scheme='ICICI Prudential Short Term Fund' reporting_date='2025-11-30' pct_sum=72.8384 n_records=229
WARNING snapshot_pct_sum out of range [85.0, 115.0]: scheme='ICICI Prudential Ultra Short Term Fund' reporting_date='2025-11-30' pct_sum=64.2238 n_records=172
WARNING snapshot_pct_sum out of range [85.0, 115.0]: scheme='ICICI Prudential All Seasons Bond Fund' reporting_date='2025-11-30' pct_sum=30.7518 n_records=164
WARNING snapshot_pct_sum out of range [85.0, 115.0]: scheme='ICICI Prudential Banking & PSU Debt Fund' reporting_date='2025-11-30' pct_sum=70.0413 n_records=131
WARNING snapshot_pct_sum out of range [85.0, 115.0]: scheme='ICICI Prudential Bond Fund' reporting_date='2025-11-30' pct_sum=8.7917 n_records=77
INFO Routing to parser=portfolio_zip for dataset_type=portfolio_disclosure file_type=zip
INFO parsed 2503 records from https://www.icicipruamc.com/blob/downloads/Files/Fortnightly%20Portfolio%20Disclosures/2025/Fortnightly%20Debt%20Scheme%20Portfolio%20-%2015th%20November%202025.zip
WARNING snapshot_pct_sum out of range [85.0, 115.0]: scheme='ICICI Prudential Corporate Bond Fund' reporting_date='2025-11-15' pct_sum=71.3204 n_records=267
WARNING snapshot_pct_sum out of range [85.0, 115.0]: scheme='ICICI Prudential Floating Interest Fund' reporting_date='2025-11-15' pct_sum=39.4731 n_records=94
WARNING snapshot_pct_sum out of range [85.0, 115.0]: scheme='ICICI Prudential Gilt Fund' reporting_date='2025-11-15' pct_sum=-23.2295 n_records=105
WARNING snapshot_pct_sum out of range [85.0, 115.0]: scheme='ICICI Prudential Long Term Bond Fund' reporting_date='2025-11-15' pct_sum=65.8675 n_records=29
WARNING snapshot_pct_sum out of range [85.0, 115.0]: scheme='ICICI Prudential Regular Savings Fund' reporting_date='2025-11-15' pct_sum=120.0418 n_records=141
WARNING snapshot_pct_sum out of range [85.0, 115.0]: scheme='ICICI Prudential Retirement Fund - Hybrid Conservative Plan' reporting_date='2025-11-15' pct_sum=123.7692 n_records=41
WARNING snapshot_pct_sum out of range [85.0, 115.0]: scheme='ICICI Prudential Savings Fund' reporting_date='2025-11-15' pct_sum=65.2262 n_records=249
WARNING snapshot_pct_sum out of range [85.0, 115.0]: scheme='ICICI Prudential Short Term Fund' reporting_date='2025-11-15' pct_sum=70.3589 n_records=224
WARNING snapshot_pct_sum out of range [85.0, 115.0]: scheme='ICICI Prudential Ultra Short Term Fund' reporting_date='2025-11-15' pct_sum=57.459 n_records=161
WARNING snapshot_pct_sum out of range [85.0, 115.0]: scheme='ICICI Prudential All Seasons Bond Fund' reporting_date='2025-11-15' pct_sum=32.5061 n_records=171
WARNING snapshot_pct_sum out of range [85.0, 115.0]: scheme='ICICI Prudential Banking & PSU Debt Fund' reporting_date='2025-11-15' pct_sum=71.0957 n_records=134
WARNING snapshot_pct_sum out of range [85.0, 115.0]: scheme='ICICI Prudential Bond Fund' reporting_date='2025-11-15' pct_sum=10.72 n_records=86
INFO Routing to parser=portfolio_zip for dataset_type=portfolio_disclosure file_type=zip
INFO parsed 2503 records from https://www.icicipruamc.com/blob/downloads/Files/Fortnightly%20Portfolio%20Disclosures/2025/Fortnightly%20Debt%20Scheme%20Portfolio%20-%2031st%20October%202025.zip
WARNING snapshot_pct_sum out of range [85.0, 115.0]: scheme='ICICI Prudential Floating Interest Fund' reporting_date='2025-10-31' pct_sum=43.1375 n_records=96
WARNING snapshot_pct_sum out of range [85.0, 115.0]: scheme='ICICI Prudential Gilt Fund' reporting_date='2025-10-31' pct_sum=-21.6239 n_records=105
WARNING snapshot_pct_sum out of range [85.0, 115.0]: scheme='ICICI Prudential Long Term Bond Fund' reporting_date='2025-10-31' pct_sum=66.6714 n_records=30
WARNING snapshot_pct_sum out of range [85.0, 115.0]: scheme='ICICI Prudential Regular Savings Fund' reporting_date='2025-10-31' pct_sum=117.2927 n_records=137
WARNING snapshot_pct_sum out of range [85.0, 115.0]: scheme='ICICI Prudential Retirement Fund - Hybrid Conservative Plan' reporting_date='2025-10-31' pct_sum=123.2469 n_records=41
WARNING snapshot_pct_sum out of range [85.0, 115.0]: scheme='ICICI Prudential Savings Fund' reporting_date='2025-10-31' pct_sum=67.8643 n_records=252
WARNING snapshot_pct_sum out of range [85.0, 115.0]: scheme='ICICI Prudential Short Term Fund' reporting_date='2025-10-31' pct_sum=72.9108 n_records=223
WARNING snapshot_pct_sum out of range [85.0, 115.0]: scheme='ICICI Prudential Ultra Short Term Fund' reporting_date='2025-10-31' pct_sum=59.5126 n_records=163
WARNING snapshot_pct_sum out of range [85.0, 115.0]: scheme='ICICI Prudential All Seasons Bond Fund' reporting_date='2025-10-31' pct_sum=32.7345 n_records=173
WARNING snapshot_pct_sum out of range [85.0, 115.0]: scheme='ICICI Prudential Banking & PSU Debt Fund' reporting_date='2025-10-31' pct_sum=71.828 n_records=136
WARNING snapshot_pct_sum out of range [85.0, 115.0]: scheme='ICICI Prudential Bond Fund' reporting_date='2025-10-31' pct_sum=16.0893 n_records=84
WARNING snapshot_pct_sum out of range [85.0, 115.0]: scheme='ICICI Prudential Corporate Bond Fund' reporting_date='2025-10-31' pct_sum=73.8654 n_records=252
INFO SKIP (re-fetched checksum known): https://www.icicipruamc.com/blob/downloads/Files/Fortnightly%20Portfolio%20Disclosures/2026/Fortnightly%20Debt%20Scheme%20Portfolio%20-%2015th%20August%202026.zip
INFO SKIP (re-fetched checksum known): https://www.icicipruamc.com/blob/downloads/Files/Fortnightly%20Portfolio%20Disclosures/2026/Fortnightly%20Debt%20Scheme%20Portfolio%20-%2031st%20July%202026.zip
INFO SKIP (re-fetched checksum known): https://www.icicipruamc.com/blob/downloads/Files/Fortnightly%20Portfolio%20Disclosures/2026/Fortnightly%20Debt%20Scheme%20Portfolio%20-%2015th%20July%202026.zip
INFO SKIP (re-fetched checksum known): https://www.icicipruamc.com/blob/downloads/Files/Fortnightly%20Portfolio%20Disclosures/2026/Fortnightly%20Debt%20Scheme%20Portfolio%20-%2030th%20June%202026.zip
INFO SKIP (re-fetched checksum known): https://www.icicipruamc.com/blob/downloads/Files/Fortnightly%20Portfolio%20Disclosures/2026/Fortnightly%20Debt%20Scheme%20Portfolio%20-%2015th%20June%202026.zip
INFO SKIP (re-fetched checksum known): https://www.icicipruamc.com/blob/downloads/Files/Fortnightly%20Portfolio%20Disclosures/2026/Fortnightly%20Debt%20Scheme%20Portfolio%20-%2031st%20May%202026.zip
INFO SKIP (re-fetched checksum known): https://www.icicipruamc.com/blob/downloads/Files/Fortnightly%20Portfolio%20Disclosures/2026/Fortnightly%20Debt%20Scheme%20Portfolio%20-%2015th%20May%202026.zip
INFO SKIP (re-fetched checksum known): https://www.icicipruamc.com/blob/downloads/Files/Fortnightly%20Portfolio%20Disclosures/2026/Fortnightly%20Debt%20Scheme%20Portfolio%20-%2030th%20April%202026.zip
INFO SKIP (re-fetched checksum known): https://www.icicipruamc.com/blob/downloads/Files/Fortnightly%20Portfolio%20Disclosures/2026/Fortnightly%20Debt%20Scheme%20Portfolio%20-%2015th%20April%202026.zip
INFO SKIP (re-fetched checksum known): https://www.icicipruamc.com/blob/downloads/Files/Fortnightly%20Portfolio%20Disclosures/2026/Fortnightly%20Debt%20Scheme%20Portfolio%20-%2031st%20March%202026.zip
INFO SKIP (re-fetched checksum known): https://www.icicipruamc.com/blob/downloads/Files/Fortnightly%20Portfolio%20Disclosures/2026/Fortnightly%20Debt%20Scheme%20Portfolio%20-%2015th%20March%202026.zip
INFO SKIP (re-fetched checksum known): https://www.icicipruamc.com/blob/downloads/Files/Fortnightly%20Portfolio%20Disclosures/2026/Fortnightly%20Debt%20Scheme%20Portfolio%20-%2028th%20February%202026.zip
INFO SKIP (re-fetched checksum known): https://www.icicipruamc.com/blob/downloads/Files/Fortnightly%20Portfolio%20Disclosures/2026/Fortnightly%20Debt%20Scheme%20Portfolio%20-%2015th%20February%202026.zip
INFO SKIP (re-fetched checksum known): https://www.icicipruamc.com/blob/downloads/Files/Fortnightly%20Portfolio%20Disclosures/2026/Fortnightly%20Debt%20Scheme%20Portfolio%20-%2031st%20January%202026.zip
INFO SKIP (re-fetched checksum known): https://www.icicipruamc.com/blob/downloads/Files/Fortnightly%20Portfolio%20Disclosures/2026/Fortnightly%20Debt%20Scheme%20Portfolio%20-%2015th%20January%202026.zip
INFO SKIP (re-fetched checksum known): https://www.icicipruamc.com/blob/downloads/Files/Fortnightly%20Portfolio%20Disclosures/2025/Fortnightly%20Debt%20Scheme%20Portfolio%20-%2031st%20December%202025.zip
INFO SKIP (re-fetched checksum known): https://www.icicipruamc.com/blob/downloads/Files/Fortnightly%20Portfolio%20Disclosures/2026/Fortnightly%20Debt%20Scheme%20Portfolio%20-%2015th%20August%202026.zip
INFO SKIP (re-fetched checksum known): https://www.icicipruamc.com/blob/downloads/Files/Fortnightly%20Portfolio%20Disclosures/2026/Fortnightly%20Debt%20Scheme%20Portfolio%20-%2031st%20July%202026.zip
INFO SKIP (re-fetched checksum known): https://www.icicipruamc.com/blob/downloads/Files/Fortnightly%20Portfolio%20Disclosures/2026/Fortnightly%20Debt%20Scheme%20Portfolio%20-%2015th%20July%202026.zip
INFO SKIP (re-fetched checksum known): https://www.icicipruamc.com/blob/downloads/Files/Fortnightly%20Portfolio%20Disclosures/2026/Fortnightly%20Debt%20Scheme%20Portfolio%20-%2030th%20June%202026.zip
INFO SKIP (re-fetched checksum known): https://www.icicipruamc.com/blob/downloads/Files/Fortnightly%20Portfolio%20Disclosures/2026/Fortnightly%20Debt%20Scheme%20Portfolio%20-%2015th%20June%202026.zip
INFO SKIP (re-fetched checksum known): https://www.icicipruamc.com/blob/downloads/Files/Fortnightly%20Portfolio%20Disclosures/2026/Fortnightly%20Debt%20Scheme%20Portfolio%20-%2031st%20May%202026.zip
INFO SKIP (re-fetched checksum known): https://www.icicipruamc.com/blob/downloads/Files/Fortnightly%20Portfolio%20Disclosures/2026/Fortnightly%20Debt%20Scheme%20Portfolio%20-%2015th%20May%202026.zip
INFO SKIP (re-fetched checksum known): https://www.icicipruamc.com/blob/downloads/Files/Fortnightly%20Portfolio%20Disclosures/2026/Fortnightly%20Debt%20Scheme%20Portfolio%20-%2030th%20April%202026.zip
INFO SKIP (re-fetched checksum known): https://www.icicipruamc.com/blob/downloads/Files/Fortnightly%20Portfolio%20Disclosures/2026/Fortnightly%20Debt%20Scheme%20Portfolio%20-%2015th%20April%202026.zip
INFO SKIP (re-fetched checksum known): https://www.icicipruamc.com/blob/downloads/Files/Fortnightly%20Portfolio%20Disclosures/2026/Fortnightly%20Debt%20Scheme%20Portfolio%20-%2031st%20March%202026.zip
INFO SKIP (re-fetched checksum known): https://www.icicipruamc.com/blob/downloads/Files/Fortnightly%20Portfolio%20Disclosures/2026/Fortnightly%20Debt%20Scheme%20Portfolio%20-%2015th%20August%202026.zip
INFO SKIP (re-fetched checksum known): https://www.icicipruamc.com/blob/downloads/Files/Fortnightly%20Portfolio%20Disclosures/2026/Fortnightly%20Debt%20Scheme%20Portfolio%20-%2031st%20July%202026.zip
INFO SKIP (re-fetched checksum known): https://www.icicipruamc.com/blob/downloads/Files/Fortnightly%20Portfolio%20Disclosures/2026/Fortnightly%20Debt%20Scheme%20Portfolio%20-%2015th%20July%202026.zip
INFO SKIP (re-fetched checksum known): https://www.icicipruamc.com/blob/downloads/Files/Fortnightly%20Portfolio%20Disclosures/2026/Fortnightly%20Debt%20Scheme%20Portfolio%20-%2030th%20June%202026.zip
INFO SKIP (re-fetched checksum known): https://www.icicipruamc.com/blob/downloads/Files/Fortnightly%20Portfolio%20Disclosures/2026/Fortnightly%20Debt%20Scheme%20Portfolio%20-%2015th%20June%202026.zip
INFO SKIP (re-fetched checksum known): https://www.icicipruamc.com/blob/downloads/Files/Fortnightly%20Portfolio%20Disclosures/2026/Fortnightly%20Debt%20Scheme%20Portfolio%20-%2031st%20May%202026.zip
INFO SKIP (re-fetched checksum known): https://www.icicipruamc.com/blob/downloads/Files/Fortnightly%20Portfolio%20Disclosures/2026/Fortnightly%20Debt%20Scheme%20Portfolio%20-%2015th%20May%202026.zip
INFO SKIP (re-fetched checksum known): https://www.icicipruamc.com/blob/downloads/Files/Fortnightly%20Portfolio%20Disclosures/2026/Fortnightly%20Debt%20Scheme%20Portfolio%20-%2030th%20April%202026.zip
INFO SKIP (re-fetched checksum known): https://www.icicipruamc.com/blob/downloads/Files/Fortnightly%20Portfolio%20Disclosures/2026/Fortnightly%20Debt%20Scheme%20Portfolio%20-%2015th%20April%202026.zip
INFO SKIP (re-fetched checksum known): https://www.icicipruamc.com/blob/downloads/Files/Fortnightly%20Portfolio%20Disclosures/2026/Fortnightly%20Debt%20Scheme%20Portfolio%20-%2031st%20March%202026.zip
INFO SKIP (re-fetched checksum known): https://www.icicipruamc.com/blob/downloads/Files/Fortnightly%20Portfolio%20Disclosures/2026/Fortnightly%20Debt%20Scheme%20Portfolio%20-%2015th%20March%202026.zip
INFO SKIP (re-fetched checksum known): https://www.icicipruamc.com/blob/downloads/Files/Fortnightly%20Portfolio%20Disclosures/2026/Fortnightly%20Debt%20Scheme%20Portfolio%20-%2028th%20February%202026.zip
INFO SKIP (re-fetched checksum known): https://www.icicipruamc.com/blob/downloads/Files/Fortnightly%20Portfolio%20Disclosures/2026/Fortnightly%20Debt%20Scheme%20Portfolio%20-%2015th%20February%202026.zip
INFO SKIP (re-fetched checksum known): https://www.icicipruamc.com/blob/downloads/Files/Fortnightly%20Portfolio%20Disclosures/2026/Fortnightly%20Debt%20Scheme%20Portfolio%20-%2031st%20January%202026.zip
INFO SKIP (re-fetched checksum known): https://www.icicipruamc.com/blob/downloads/Files/Fortnightly%20Portfolio%20Disclosures/2026/Fortnightly%20Debt%20Scheme%20Portfolio%20-%2015th%20January%202026.zip
INFO SKIP (re-fetched checksum known): https://www.icicipruamc.com/blob/downloads/Files/Fortnightly%20Portfolio%20Disclosures/2025/Fortnightly%20Debt%20Scheme%20Portfolio%20-%2031st%20December%202025.zip
INFO SKIP (re-fetched checksum known): https://www.icicipruamc.com/blob/downloads/Files/Fortnightly%20Portfolio%20Disclosures/2025/Fortnightly%20Debt%20Scheme%20Portfolio%20-%2015th%20December%202025.zip
INFO SKIP (re-fetched checksum known): https://www.icicipruamc.com/blob/downloads/Files/Fortnightly%20Portfolio%20Disclosures/2025/Fortnightly%20Debt%20Scheme%20Portfolio%20-%2030th%20November%202025.zip
INFO SKIP (re-fetched checksum known): https://www.icicipruamc.com/blob/downloads/Files/Fortnightly%20Portfolio%20Disclosures/2025/Fortnightly%20Debt%20Scheme%20Portfolio%20-%2015th%20November%202025.zip
INFO SKIP (re-fetched checksum known): https://www.icicipruamc.com/blob/downloads/Files/Fortnightly%20Portfolio%20Disclosures/2025/Fortnightly%20Debt%20Scheme%20Portfolio%20-%2031st%20October%202025.zip
INFO SKIP (re-fetched checksum known): https://www.icicipruamc.com/blob/downloads/Files/Fortnightly%20Portfolio%20Disclosures/2026/Fortnightly%20Debt%20Scheme%20Portfolio%20-%2015th%20August%202026.zip
INFO SKIP (re-fetched checksum known): https://www.icicipruamc.com/blob/downloads/Files/Fortnightly%20Portfolio%20Disclosures/2026/Fortnightly%20Debt%20Scheme%20Portfolio%20-%2031st%20July%202026.zip
INFO SKIP (re-fetched checksum known): https://www.icicipruamc.com/blob/downloads/Files/Fortnightly%20Portfolio%20Disclosures/2026/Fortnightly%20Debt%20Scheme%20Portfolio%20-%2015th%20July%202026.zip
INFO SKIP (re-fetched checksum known): https://www.icicipruamc.com/blob/downloads/Files/Fortnightly%20Portfolio%20Disclosures/2026/Fortnightly%20Debt%20Scheme%20Portfolio%20-%2030th%20June%202026.zip
INFO SKIP (re-fetched checksum known): https://www.icicipruamc.com/blob/downloads/Files/Fortnightly%20Portfolio%20Disclosures/2026/Fortnightly%20Debt%20Scheme%20Portfolio%20-%2015th%20June%202026.zip
INFO SKIP (re-fetched checksum known): https://www.icicipruamc.com/blob/downloads/Files/Fortnightly%20Portfolio%20Disclosures/2026/Fortnightly%20Debt%20Scheme%20Portfolio%20-%2031st%20May%202026.zip
INFO SKIP (re-fetched checksum known): https://www.icicipruamc.com/blob/downloads/Files/Fortnightly%20Portfolio%20Disclosures/2026/Fortnightly%20Debt%20Scheme%20Portfolio%20-%2015th%20May%202026.zip
INFO SKIP (re-fetched checksum known): https://www.icicipruamc.com/blob/downloads/Files/Fortnightly%20Portfolio%20Disclosures/2026/Fortnightly%20Debt%20Scheme%20Portfolio%20-%2030th%20April%202026.zip
INFO SKIP (re-fetched checksum known): https://www.icicipruamc.com/blob/downloads/Files/Fortnightly%20Portfolio%20Disclosures/2026/Fortnightly%20Debt%20Scheme%20Portfolio%20-%2015th%20April%202026.zip
INFO SKIP (re-fetched checksum known): https://www.icicipruamc.com/blob/downloads/Files/Fortnightly%20Portfolio%20Disclosures/2026/Fortnightly%20Debt%20Scheme%20Portfolio%20-%2031st%20March%202026.zip
INFO SKIP (re-fetched checksum known): https://www.icicipruamc.com/blob/downloads/Files/Fortnightly%20Portfolio%20Disclosures/2026/Fortnightly%20Debt%20Scheme%20Portfolio%20-%2015th%20March%202026.zip
INFO SKIP (re-fetched checksum known): https://www.icicipruamc.com/blob/downloads/Files/Fortnightly%20Portfolio%20Disclosures/2026/Fortnightly%20Debt%20Scheme%20Portfolio%20-%2028th%20February%202026.zip
INFO SKIP (re-fetched checksum known): https://www.icicipruamc.com/blob/downloads/Files/Fortnightly%20Portfolio%20Disclosures/2026/Fortnightly%20Debt%20Scheme%20Portfolio%20-%2015th%20February%202026.zip
INFO SKIP (re-fetched checksum known): https://www.icicipruamc.com/blob/downloads/Files/Fortnightly%20Portfolio%20Disclosures/2026/Fortnightly%20Debt%20Scheme%20Portfolio%20-%2031st%20January%202026.zip
INFO SKIP (re-fetched checksum known): https://www.icicipruamc.com/blob/downloads/Files/Fortnightly%20Portfolio%20Disclosures/2026/Fortnightly%20Debt%20Scheme%20Portfolio%20-%2015th%20January%202026.zip
INFO SKIP (re-fetched checksum known): https://www.icicipruamc.com/blob/downloads/Files/Fortnightly%20Portfolio%20Disclosures/2025/Fortnightly%20Debt%20Scheme%20Portfolio%20-%2031st%20December%202025.zip
INFO SKIP (re-fetched checksum known): https://www.icicipruamc.com/blob/downloads/Files/Fortnightly%20Portfolio%20Disclosures/2025/Fortnightly%20Debt%20Scheme%20Portfolio%20-%2015th%20December%202025.zip
INFO SKIP (re-fetched checksum known): https://www.icicipruamc.com/blob/downloads/Files/Fortnightly%20Portfolio%20Disclosures/2025/Fortnightly%20Debt%20Scheme%20Portfolio%20-%2030th%20November%202025.zip
INFO SKIP (re-fetched checksum known): https://www.icicipruamc.com/blob/downloads/Files/Fortnightly%20Portfolio%20Disclosures/2025/Fortnightly%20Debt%20Scheme%20Portfolio%20-%2015th%20November%202025.zip
INFO SKIP (re-fetched checksum known): https://www.icicipruamc.com/blob/downloads/Files/Fortnightly%20Portfolio%20Disclosures/2025/Fortnightly%20Debt%20Scheme%20Portfolio%20-%2031st%20October%202025.zip
INFO SKIP (re-fetched checksum known): https://www.icicipruamc.com/blob/downloads/Files/Fortnightly%20Portfolio%20Disclosures/2026/Fortnightly%20Debt%20Scheme%20Portfolio%20-%2015th%20August%202026.zip
INFO SKIP (re-fetched checksum known): https://www.icicipruamc.com/blob/downloads/Files/Fortnightly%20Portfolio%20Disclosures/2026/Fortnightly%20Debt%20Scheme%20Portfolio%20-%2031st%20July%202026.zip
INFO SKIP (re-fetched checksum known): https://www.icicipruamc.com/blob/downloads/Files/Fortnightly%20Portfolio%20Disclosures/2026/Fortnightly%20Debt%20Scheme%20Portfolio%20-%2015th%20July%202026.zip
INFO SKIP (re-fetched checksum known): https://www.icicipruamc.com/blob/downloads/Files/Fortnightly%20Portfolio%20Disclosures/2026/Fortnightly%20Debt%20Scheme%20Portfolio%20-%2015th%20August%202026.zip
INFO SKIP (re-fetched checksum known): https://www.icicipruamc.com/blob/downloads/Files/Fortnightly%20Portfolio%20Disclosures/2026/Fortnightly%20Debt%20Scheme%20Portfolio%20-%2031st%20July%202026.zip
INFO SKIP (re-fetched checksum known): https://www.icicipruamc.com/blob/downloads/Files/Fortnightly%20Portfolio%20Disclosures/2026/Fortnightly%20Debt%20Scheme%20Portfolio%20-%2015th%20July%202026.zip
INFO SKIP (re-fetched checksum known): https://www.icicipruamc.com/blob/downloads/Files/Fortnightly%20Portfolio%20Disclosures/2026/Fortnightly%20Debt%20Scheme%20Portfolio%20-%2015th%20August%202026.zip
INFO SKIP (re-fetched checksum known): https://www.icicipruamc.com/blob/downloads/Files/Fortnightly%20Portfolio%20Disclosures/2026/Fortnightly%20Debt%20Scheme%20Portfolio%20-%2031st%20July%202026.zip
INFO SKIP (re-fetched checksum known): https://www.icicipruamc.com/blob/downloads/Files/Fortnightly%20Portfolio%20Disclosures/2026/Fortnightly%20Debt%20Scheme%20Portfolio%20-%2015th%20July%202026.zip
INFO SKIP (re-fetched checksum known): https://www.icicipruamc.com/blob/downloads/Files/Fortnightly%20Portfolio%20Disclosures/2026/Fortnightly%20Debt%20Scheme%20Portfolio%20-%2030th%20June%202026.zip
INFO SKIP (re-fetched checksum known): https://www.icicipruamc.com/blob/downloads/Files/Fortnightly%20Portfolio%20Disclosures/2026/Fortnightly%20Debt%20Scheme%20Portfolio%20-%2015th%20June%202026.zip
INFO SKIP (re-fetched checksum known): https://www.icicipruamc.com/blob/downloads/Files/Fortnightly%20Portfolio%20Disclosures/2026/Fortnightly%20Debt%20Scheme%20Portfolio%20-%2031st%20May%202026.zip
INFO SKIP (re-fetched checksum known): https://www.icicipruamc.com/blob/downloads/Files/Fortnightly%20Portfolio%20Disclosures/2026/Fortnightly%20Debt%20Scheme%20Portfolio%20-%2015th%20May%202026.zip
INFO SKIP (re-fetched checksum known): https://www.icicipruamc.com/blob/downloads/Files/Fortnightly%20Portfolio%20Disclosures/2026/Fortnightly%20Debt%20Scheme%20Portfolio%20-%2030th%20April%202026.zip
INFO SKIP (re-fetched checksum known): https://www.icicipruamc.com/blob/downloads/Files/Fortnightly%20Portfolio%20Disclosures/2026/Fortnightly%20Debt%20Scheme%20Portfolio%20-%2015th%20August%202026.zip
INFO SKIP (re-fetched checksum known): https://www.icicipruamc.com/blob/downloads/Files/Fortnightly%20Portfolio%20Disclosures/2026/Fortnightly%20Debt%20Scheme%20Portfolio%20-%2015th%20August%202026.zip
INFO SKIP (re-fetched checksum known): https://www.icicipruamc.com/blob/downloads/Files/Fortnightly%20Portfolio%20Disclosures/2026/Fortnightly%20Debt%20Scheme%20Portfolio%20-%2015th%20August%202026.zip
INFO SKIP (re-fetched checksum known): https://www.icicipruamc.com/blob/downloads/Files/Fortnightly%20Portfolio%20Disclosures/2026/Fortnightly%20Debt%20Scheme%20Portfolio%20-%2015th%20August%202026.zip
INFO SKIP (re-fetched checksum known): https://www.icicipruamc.com/blob/downloads/Files/Fortnightly%20Portfolio%20Disclosures/2026/Fortnightly%20Debt%20Scheme%20Portfolio%20-%2015th%20August%202026.zip
INFO SKIP (re-fetched checksum known): https://www.icicipruamc.com/blob/downloads/Files/Fortnightly%20Portfolio%20Disclosures/2026/Fortnightly%20Debt%20Scheme%20Portfolio%20-%2015th%20August%202026.zip
INFO SKIP (re-fetched checksum known): https://www.icicipruamc.com/blob/downloads/Files/Fortnightly%20Portfolio%20Disclosures/2026/Fortnightly%20Debt%20Scheme%20Portfolio%20-%2015th%20August%202026.zip
INFO SKIP (re-fetched checksum known): https://www.icicipruamc.com/blob/downloads/Files/Fortnightly%20Portfolio%20Disclosures/2026/Fortnightly%20Debt%20Scheme%20Portfolio%20-%2015th%20August%202026.zip
INFO SKIP (re-fetched checksum known): https://www.icicipruamc.com/blob/downloads/Files/Fortnightly%20Portfolio%20Disclosures/2026/Fortnightly%20Debt%20Scheme%20Portfolio%20-%2015th%20August%202026.zip
INFO SKIP (re-fetched checksum known): https://www.icicipruamc.com/blob/downloads/Files/Fortnightly%20Portfolio%20Disclosures/2026/Fortnightly%20Debt%20Scheme%20Portfolio%20-%2015th%20August%202026.zip
INFO SKIP (re-fetched checksum known): https://www.icicipruamc.com/blob/downloads/Files/Fortnightly%20Portfolio%20Disclosures/2026/Fortnightly%20Debt%20Scheme%20Portfolio%20-%2015th%20August%202026.zip
INFO SKIP (re-fetched checksum known): https://www.icicipruamc.com/blob/downloads/Files/Fortnightly%20Portfolio%20Disclosures/2026/Fortnightly%20Debt%20Scheme%20Portfolio%20-%2015th%20August%202026.zip
INFO SKIP (re-fetched checksum known): https://www.icicipruamc.com/blob/downloads/Files/Fortnightly%20Portfolio%20Disclosures/2026/Fortnightly%20Debt%20Scheme%20Portfolio%20-%2015th%20August%202026.zip
INFO SKIP (re-fetched checksum known): https://www.icicipruamc.com/blob/downloads/Files/Fortnightly%20Portfolio%20Disclosures/2026/Fortnightly%20Debt%20Scheme%20Portfolio%20-%2015th%20August%202026.zip
INFO SKIP (re-fetched checksum known): https://www.icicipruamc.com/blob/downloads/Files/Fortnightly%20Portfolio%20Disclosures/2026/Fortnightly%20Debt%20Scheme%20Portfolio%20-%2015th%20August%202026.zip
INFO SKIP (re-fetched checksum known): https://www.icicipruamc.com/blob/downloads/Files/Fortnightly%20Portfolio%20Disclosures/2026/Fortnightly%20Debt%20Scheme%20Portfolio%20-%2015th%20August%202026.zip
INFO SKIP (re-fetched checksum known): https://www.icicipruamc.com/blob/downloads/Files/Fortnightly%20Portfolio%20Disclosures/2026/Fortnightly%20Debt%20Scheme%20Portfolio%20-%2015th%20August%202026.zip
INFO SKIP (re-fetched checksum known): https://www.icicipruamc.com/blob/downloads/Files/Fortnightly%20Portfolio%20Disclosures/2026/Fortnightly%20Debt%20Scheme%20Portfolio%20-%2015th%20August%202026.zip
INFO SKIP (re-fetched checksum known): https://www.icicipruamc.com/blob/downloads/Files/Fortnightly%20Portfolio%20Disclosures/2026/Fortnightly%20Debt%20Scheme%20Portfolio%20-%2015th%20August%202026.zip
{'fetched': 20, 'parse_ok': 20, 'parse_empty': 0, 'fetch_failed': 0, 'rows_upserted': 41606, 'rows_quarantined': 4234, 'snapshots_after': 6866}
