INFO 129 artifacts match host='icicipruamc.com'
INFO Routing to parser=portfolio_zip for dataset_type=portfolio_disclosure file_type=zip
INFO parsed 2210 records from https://www.icicipruamc.com/blob/downloads/Files/Fortnightly%20Portfolio%20Disclosures/2026/Fortnightly%20Debt%20Scheme%20Portfolio%20-%2015th%20August%202026.zip
WARNING snapshot_pct_sum out of range [85.0, 115.0]: scheme='ICICI Prudential Floating Interest Fund' reporting_date='2026-08-15' pct_sum=3.7032 n_records=136
WARNING snapshot_pct_sum out of range [85.0, 115.0]: scheme='ICICI Prudential Gilt Fund' reporting_date='2026-08-15' pct_sum=63.2178 n_records=59
WARNING snapshot_pct_sum out of range [85.0, 115.0]: scheme='ICICI Prudential Overnight Fund' reporting_date='2026-08-15' pct_sum=4.5116 n_records=8
WARNING snapshot_pct_sum out of range [85.0, 115.0]: scheme='ICICI Prudential Regular Savings Fund' reporting_date='2026-08-15' pct_sum=121.5254 n_records=136
WARNING snapshot_pct_sum out of range [85.0, 115.0]: scheme='ICICI Prudential Savings Fund' reporting_date='2026-08-15' pct_sum=76.2051 n_records=154
WARNING snapshot_pct_sum out of range [85.0, 115.0]: scheme='ICICI Prudential Ultra Short Term Fund' reporting_date='2026-08-15' pct_sum=38.739 n_records=183
WARNING snapshot_pct_sum out of range [85.0, 115.0]: scheme='ICICI Prudential Bond Fund' reporting_date='2026-08-15' pct_sum=70.8369 n_records=57
INFO Routing to parser=portfolio_zip for dataset_type=portfolio_disclosure file_type=zip
INFO parsed 2213 records from https://www.icicipruamc.com/blob/downloads/Files/Fortnightly%20Portfolio%20Disclosures/2026/Fortnightly%20Debt%20Scheme%20Portfolio%20-%2031st%20July%202026.zip
WARNING snapshot_pct_sum out of range [85.0, 115.0]: scheme='ICICI Prudential Credit Risk Fund' reporting_date='2026-07-31' pct_sum=122.3018 n_records=110
WARNING snapshot_pct_sum out of range [85.0, 115.0]: scheme='ICICI Prudential Floating Interest Fund' reporting_date='2026-07-31' pct_sum=3.9596 n_records=130
WARNING snapshot_pct_sum out of range [85.0, 115.0]: scheme='ICICI Prudential Medium Term Bond Fund' reporting_date='2026-07-31' pct_sum=120.5896 n_records=115
WARNING snapshot_pct_sum out of range [85.0, 115.0]: scheme='ICICI Prudential Overnight Fund' reporting_date='2026-07-31' pct_sum=83.7071 n_records=10
WARNING snapshot_pct_sum out of range [85.0, 115.0]: scheme='ICICI Prudential Regular Savings Fund' reporting_date='2026-07-31' pct_sum=121.935 n_records=142
WARNING snapshot_pct_sum out of range [85.0, 115.0]: scheme='ICICI Prudential Savings Fund' reporting_date='2026-07-31' pct_sum=80.3751 n_records=160
WARNING snapshot_pct_sum out of range [85.0, 115.0]: scheme='ICICI Prudential Ultra Short Term Fund' reporting_date='2026-07-31' pct_sum=42.9928 n_records=179
INFO Routing to parser=portfolio_zip for dataset_type=portfolio_disclosure file_type=zip
INFO parsed 2193 records from https://www.icicipruamc.com/blob/downloads/Files/Fortnightly%20Portfolio%20Disclosures/2026/Fortnightly%20Debt%20Scheme%20Portfolio%20-%2015th%20July%202026.zip
WARNING snapshot_pct_sum out of range [85.0, 115.0]: scheme='ICICI Prudential Regular Savings Fund' reporting_date='2026-07-15' pct_sum=121.756 n_records=142
WARNING snapshot_pct_sum out of range [85.0, 115.0]: scheme='ICICI Prudential Savings Fund' reporting_date='2026-07-15' pct_sum=80.6947 n_records=167
WARNING snapshot_pct_sum out of range [85.0, 115.0]: scheme='ICICI Prudential Ultra Short Term Fund' reporting_date='2026-07-15' pct_sum=43.2515 n_records=180
WARNING snapshot_pct_sum out of range [85.0, 115.0]: scheme='ICICI Prudential Floating Interest Fund' reporting_date='2026-07-15' pct_sum=8.7182 n_records=124
INFO Routing to parser=portfolio_zip for dataset_type=portfolio_disclosure file_type=zip
INFO parsed 2179 records from https://www.icicipruamc.com/blob/downloads/Files/Fortnightly%20Portfolio%20Disclosures/2026/Fortnightly%20Debt%20Scheme%20Portfolio%20-%2030th%20June%202026.zip
WARNING snapshot_pct_sum out of range [85.0, 115.0]: scheme='ICICI Prudential Regular Savings Fund' reporting_date='2026-06-30' pct_sum=121.373 n_records=142
WARNING snapshot_pct_sum out of range [85.0, 115.0]: scheme='ICICI Prudential Savings Fund' reporting_date='2026-06-30' pct_sum=78.5161 n_records=173
WARNING snapshot_pct_sum out of range [85.0, 115.0]: scheme='ICICI Prudential Ultra Short Term Fund' reporting_date='2026-06-30' pct_sum=41.7192 n_records=171
WARNING snapshot_pct_sum out of range [85.0, 115.0]: scheme='ICICI Prudential Constant Maturity Gilt Fund' reporting_date='2026-06-30' pct_sum=82.8677 n_records=13
WARNING snapshot_pct_sum out of range [85.0, 115.0]: scheme='ICICI Prudential Floating Interest Fund' reporting_date='2026-06-30' pct_sum=7.9466 n_records=124
WARNING snapshot_pct_sum out of range [85.0, 115.0]: scheme='ICICI Prudential Liquid Fund' reporting_date='2026-06-30' pct_sum=117.6118 n_records=177
INFO Routing to parser=portfolio_zip for dataset_type=portfolio_disclosure file_type=zip
INFO parsed 2152 records from https://www.icicipruamc.com/blob/downloads/Files/Fortnightly%20Portfolio%20Disclosures/2026/Fortnightly%20Debt%20Scheme%20Portfolio%20-%2015th%20June%202026.zip
WARNING snapshot_pct_sum out of range [85.0, 115.0]: scheme='ICICI Prudential Floating Interest Fund' reporting_date='2026-06-15' pct_sum=22.9544 n_records=118
WARNING snapshot_pct_sum out of range [85.0, 115.0]: scheme='ICICI Prudential Regular Savings Fund' reporting_date='2026-06-15' pct_sum=122.8621 n_records=144
WARNING snapshot_pct_sum out of range [85.0, 115.0]: scheme='ICICI Prudential Ultra Short Term Fund' reporting_date='2026-06-15' pct_sum=57.9733 n_records=159
INFO Routing to parser=portfolio_zip for dataset_type=portfolio_disclosure file_type=zip
INFO parsed 2164 records from https://www.icicipruamc.com/blob/downloads/Files/Fortnightly%20Portfolio%20Disclosures/2026/Fortnightly%20Debt%20Scheme%20Portfolio%20-%2031st%20May%202026.zip
WARNING snapshot_pct_sum out of range [85.0, 115.0]: scheme='ICICI Prudential Regular Savings Fund' reporting_date='2026-05-31' pct_sum=121.3273 n_records=141
WARNING snapshot_pct_sum out of range [85.0, 115.0]: scheme='ICICI Prudential Ultra Short Term Fund' reporting_date='2026-05-31' pct_sum=67.8175 n_records=145
WARNING snapshot_pct_sum out of range [85.0, 115.0]: scheme='ICICI Prudential Floating Interest Fund' reporting_date='2026-05-31' pct_sum=18.292 n_records=117
INFO Routing to parser=portfolio_zip for dataset_type=portfolio_disclosure file_type=zip
INFO parsed 2151 records from https://www.icicipruamc.com/blob/downloads/Files/Fortnightly%20Portfolio%20Disclosures/2026/Fortnightly%20Debt%20Scheme%20Portfolio%20-%2015th%20May%202026.zip
WARNING snapshot_pct_sum out of range [85.0, 115.0]: scheme='ICICI Prudential Floating Interest Fund' reporting_date='2026-05-15' pct_sum=-1.7956 n_records=110
WARNING snapshot_pct_sum out of range [85.0, 115.0]: scheme='ICICI Prudential Overnight Fund' reporting_date='2026-05-15' pct_sum=78.3665 n_records=9
WARNING snapshot_pct_sum out of range [85.0, 115.0]: scheme='ICICI Prudential Regular Savings Fund' reporting_date='2026-05-15' pct_sum=120.2153 n_records=140
WARNING snapshot_pct_sum out of range [85.0, 115.0]: scheme='ICICI Prudential Savings Fund' reporting_date='2026-05-15' pct_sum=74.6586 n_records=199
WARNING snapshot_pct_sum out of range [85.0, 115.0]: scheme='ICICI Prudential Ultra Short Term Fund' reporting_date='2026-05-15' pct_sum=67.3965 n_records=144
INFO Routing to parser=portfolio_zip for dataset_type=portfolio_disclosure file_type=zip
INFO parsed 2173 records from https://www.icicipruamc.com/blob/downloads/Files/Fortnightly%20Portfolio%20Disclosures/2026/Fortnightly%20Debt%20Scheme%20Portfolio%20-%2030th%20April%202026.zip
WARNING snapshot_pct_sum out of range [85.0, 115.0]: scheme='ICICI Prudential Floating Interest Fund' reporting_date='2026-04-30' pct_sum=3.8253 n_records=108
WARNING snapshot_pct_sum out of range [85.0, 115.0]: scheme='ICICI Prudential Regular Savings Fund' reporting_date='2026-04-30' pct_sum=118.6126 n_records=140
WARNING snapshot_pct_sum out of range [85.0, 115.0]: scheme='ICICI Prudential Savings Fund' reporting_date='2026-04-30' pct_sum=70.6128 n_records=220
WARNING snapshot_pct_sum out of range [85.0, 115.0]: scheme='ICICI Prudential Ultra Short Term Fund' reporting_date='2026-04-30' pct_sum=62.0814 n_records=137
WARNING snapshot_pct_sum out of range [85.0, 115.0]: scheme='ICICI Prudential Bond Fund' reporting_date='2026-04-30' pct_sum=67.2935 n_records=65
INFO Routing to parser=portfolio_zip for dataset_type=portfolio_disclosure file_type=zip
INFO parsed 2233 records from https://www.icicipruamc.com/blob/downloads/Files/Fortnightly%20Portfolio%20Disclosures/2026/Fortnightly%20Debt%20Scheme%20Portfolio%20-%2015th%20April%202026.zip
WARNING snapshot_pct_sum out of range [85.0, 115.0]: scheme='ICICI Prudential Floating Interest Fund' reporting_date='2026-04-15' pct_sum=5.1343 n_records=112
WARNING snapshot_pct_sum out of range [85.0, 115.0]: scheme='ICICI Prudential Regular Savings Fund' reporting_date='2026-04-15' pct_sum=122.5823 n_records=145
WARNING snapshot_pct_sum out of range [85.0, 115.0]: scheme='ICICI Prudential Savings Fund' reporting_date='2026-04-15' pct_sum=57.7034 n_records=232
WARNING snapshot_pct_sum out of range [85.0, 115.0]: scheme='ICICI Prudential Ultra Short Term Fund' reporting_date='2026-04-15' pct_sum=47.7434 n_records=151
WARNING snapshot_pct_sum out of range [85.0, 115.0]: scheme='ICICI Prudential Bond Fund' reporting_date='2026-04-15' pct_sum=68.6059 n_records=66
INFO Routing to parser=portfolio_zip for dataset_type=portfolio_disclosure file_type=zip
INFO parsed 2272 records from https://www.icicipruamc.com/blob/downloads/Files/Fortnightly%20Portfolio%20Disclosures/2026/Fortnightly%20Debt%20Scheme%20Portfolio%20-%2031st%20March%202026.zip
WARNING snapshot_pct_sum out of range [85.0, 115.0]: scheme='ICICI Prudential Floating Interest Fund' reporting_date='2026-03-31' pct_sum=7.7501 n_records=113
WARNING snapshot_pct_sum out of range [85.0, 115.0]: scheme='ICICI Prudential Regular Savings Fund' reporting_date='2026-03-31' pct_sum=122.0503 n_records=147
WARNING snapshot_pct_sum out of range [85.0, 115.0]: scheme='ICICI Prudential Savings Fund' reporting_date='2026-03-31' pct_sum=43.9072 n_records=239
WARNING snapshot_pct_sum out of range [85.0, 115.0]: scheme='ICICI Prudential Ultra Short Term Fund' reporting_date='2026-03-31' pct_sum=26.8773 n_records=163
WARNING snapshot_pct_sum out of range [85.0, 115.0]: scheme='ICICI Prudential Bond Fund' reporting_date='2026-03-31' pct_sum=66.0197 n_records=67
WARNING snapshot_pct_sum out of range [85.0, 115.0]: scheme='ICICI Prudential Constant Maturity Gilt Fund' reporting_date='2026-03-31' pct_sum=82.9838 n_records=12
INFO SKIP (re-fetched checksum known): https://www.icicipruamc.com/blob/downloads/Files/Fortnightly%20Portfolio%20Disclosures/2026/Fortnightly%20Debt%20Scheme%20Portfolio%20-%2015th%20August%202026.zip
INFO SKIP (re-fetched checksum known): https://www.icicipruamc.com/blob/downloads/Files/Fortnightly%20Portfolio%20Disclosures/2026/Fortnightly%20Debt%20Scheme%20Portfolio%20-%2031st%20July%202026.zip
INFO SKIP (re-fetched checksum known): https://www.icicipruamc.com/blob/downloads/Files/Fortnightly%20Portfolio%20Disclosures/2026/Fortnightly%20Debt%20Scheme%20Portfolio%20-%2015th%20July%202026.zip
INFO SKIP (re-fetched checksum known): https://www.icicipruamc.com/blob/downloads/Files/Fortnightly%20Portfolio%20Disclosures/2026/Fortnightly%20Debt%20Scheme%20Portfolio%20-%2030th%20June%202026.zip
INFO SKIP (re-fetched checksum known): https://www.icicipruamc.com/blob/downloads/Files/Fortnightly%20Portfolio%20Disclosures/2026/Fortnightly%20Debt%20Scheme%20Portfolio%20-%2015th%20June%202026.zip
INFO SKIP (re-fetched checksum known): https://www.icicipruamc.com/blob/downloads/Files/Fortnightly%20Portfolio%20Disclosures/2026/Fortnightly%20Debt%20Scheme%20Portfolio%20-%2031st%20May%202026.zip
INFO SKIP (re-fetched checksum known): https://www.icicipruamc.com/blob/downloads/Files/Fortnightly%20Portfolio%20Disclosures/2026/Fortnightly%20Debt%20Scheme%20Portfolio%20-%2015th%20May%202026.zip
INFO SKIP (re-fetched checksum known): https://www.icicipruamc.com/blob/downloads/Files/Fortnightly%20Portfolio%20Disclosures/2026/Fortnightly%20Debt%20Scheme%20Portfolio%20-%2030th%20April%202026.zip
INFO SKIP (re-fetched checksum known): https://www.icicipruamc.com/blob/downloads/Files/Fortnightly%20Portfolio%20Disclosures/2026/Fortnightly%20Debt%20Scheme%20Portfolio%20-%2015th%20April%202026.zip
INFO SKIP (re-fetched checksum known): https://www.icicipruamc.com/blob/downloads/Files/Fortnightly%20Portfolio%20Disclosures/2026/Fortnightly%20Debt%20Scheme%20Portfolio%20-%2031st%20March%202026.zip
INFO Routing to parser=portfolio_zip for dataset_type=portfolio_disclosure file_type=zip
INFO parsed 2322 records from https://www.icicipruamc.com/blob/downloads/Files/Fortnightly%20Portfolio%20Disclosures/2026/Fortnightly%20Debt%20Scheme%20Portfolio%20-%2015th%20March%202026.zip
WARNING snapshot_pct_sum out of range [85.0, 115.0]: scheme='ICICI Prudential Bond Fund' reporting_date='2026-03-15' pct_sum=52.7072 n_records=67
WARNING snapshot_pct_sum out of range [85.0, 115.0]: scheme='ICICI Prudential Constant Maturity Gilt Fund' reporting_date='2026-03-15' pct_sum=84.3702 n_records=12
WARNING snapshot_pct_sum out of range [85.0, 115.0]: scheme='ICICI Prudential Corporate Bond Fund' reporting_date='2026-03-15' pct_sum=76.3193 n_records=229
WARNING snapshot_pct_sum out of range [85.0, 115.0]: scheme='ICICI Prudential Floating Interest Fund' reporting_date='2026-03-15' pct_sum=-4.2135 n_records=118
WARNING snapshot_pct_sum out of range [85.0, 115.0]: scheme='ICICI Prudential Gilt Fund' reporting_date='2026-03-15' pct_sum=59.607 n_records=62
WARNING snapshot_pct_sum out of range [85.0, 115.0]: scheme='ICICI Prudential Regular Savings Fund' reporting_date='2026-03-15' pct_sum=120.8736 n_records=147
WARNING snapshot_pct_sum out of range [85.0, 115.0]: scheme='ICICI Prudential Savings Fund' reporting_date='2026-03-15' pct_sum=46.8605 n_records=247
WARNING snapshot_pct_sum out of range [85.0, 115.0]: scheme='ICICI Prudential Short Term Fund' reporting_date='2026-03-15' pct_sum=78.9142 n_records=209
WARNING snapshot_pct_sum out of range [85.0, 115.0]: scheme='ICICI Prudential Ultra Short Term Fund' reporting_date='2026-03-15' pct_sum=36.1264 n_records=176
WARNING snapshot_pct_sum out of range [85.0, 115.0]: scheme='ICICI Prudential All Seasons Bond Fund' reporting_date='2026-03-15' pct_sum=71.3987 n_records=124
INFO Routing to parser=portfolio_zip for dataset_type=portfolio_disclosure file_type=zip
INFO parsed 2346 records from https://www.icicipruamc.com/blob/downloads/Files/Fortnightly%20Portfolio%20Disclosures/2026/Fortnightly%20Debt%20Scheme%20Portfolio%20-%2028th%20February%202026.zip
WARNING snapshot_pct_sum out of range [85.0, 115.0]: scheme='ICICI Prudential Corporate Bond Fund' reporting_date='2026-02-28' pct_sum=78.4063 n_records=227
WARNING snapshot_pct_sum out of range [85.0, 115.0]: scheme='ICICI Prudential Floating Interest Fund' reporting_date='2026-02-28' pct_sum=-1.7553 n_records=116
WARNING snapshot_pct_sum out of range [85.0, 115.0]: scheme='ICICI Prudential Gilt Fund' reporting_date='2026-02-28' pct_sum=75.4923 n_records=62
WARNING snapshot_pct_sum out of range [85.0, 115.0]: scheme='ICICI Prudential Regular Savings Fund' reporting_date='2026-02-28' pct_sum=120.569 n_records=143
WARNING snapshot_pct_sum out of range [85.0, 115.0]: scheme='ICICI Prudential Savings Fund' reporting_date='2026-02-28' pct_sum=46.52 n_records=261
WARNING snapshot_pct_sum out of range [85.0, 115.0]: scheme='ICICI Prudential Short Term Fund' reporting_date='2026-02-28' pct_sum=82.0236 n_records=214
WARNING snapshot_pct_sum out of range [85.0, 115.0]: scheme='ICICI Prudential Ultra Short Term Fund' reporting_date='2026-02-28' pct_sum=34.1246 n_records=171
WARNING snapshot_pct_sum out of range [85.0, 115.0]: scheme='ICICI Prudential All Seasons Bond Fund' reporting_date='2026-02-28' pct_sum=78.3682 n_records=122
WARNING snapshot_pct_sum out of range [85.0, 115.0]: scheme='ICICI Prudential Bond Fund' reporting_date='2026-02-28' pct_sum=55.4651 n_records=68
INFO Routing to parser=portfolio_zip for dataset_type=portfolio_disclosure file_type=zip
INFO parsed 2318 records from https://www.icicipruamc.com/blob/downloads/Files/Fortnightly%20Portfolio%20Disclosures/2026/Fortnightly%20Debt%20Scheme%20Portfolio%20-%2015th%20February%202026.zip
WARNING snapshot_pct_sum out of range [85.0, 115.0]: scheme='ICICI Prudential Corporate Bond Fund' reporting_date='2026-02-15' pct_sum=81.1074 n_records=225
WARNING snapshot_pct_sum out of range [85.0, 115.0]: scheme='ICICI Prudential Floating Interest Fund' reporting_date='2026-02-15' pct_sum=7.7556 n_records=102
WARNING snapshot_pct_sum out of range [85.0, 115.0]: scheme='ICICI Prudential Gilt Fund' reporting_date='2026-02-15' pct_sum=73.4597 n_records=62
WARNING snapshot_pct_sum out of range [85.0, 115.0]: scheme='ICICI Prudential Regular Savings Fund' reporting_date='2026-02-15' pct_sum=120.001 n_records=143
WARNING snapshot_pct_sum out of range [85.0, 115.0]: scheme='ICICI Prudential Savings Fund' reporting_date='2026-02-15' pct_sum=59.5861 n_records=247
WARNING snapshot_pct_sum out of range [85.0, 115.0]: scheme='ICICI Prudential Short Term Fund' reporting_date='2026-02-15' pct_sum=80.4697 n_records=208
WARNING snapshot_pct_sum out of range [85.0, 115.0]: scheme='ICICI Prudential Ultra Short Term Fund' reporting_date='2026-02-15' pct_sum=37.7163 n_records=176
WARNING snapshot_pct_sum out of range [85.0, 115.0]: scheme='ICICI Prudential All Seasons Bond Fund' reporting_date='2026-02-15' pct_sum=77.0231 n_records=121
WARNING snapshot_pct_sum out of range [85.0, 115.0]: scheme='ICICI Prudential Bond Fund' reporting_date='2026-02-15' pct_sum=55.9596 n_records=68
INFO Routing to parser=portfolio_zip for dataset_type=portfolio_disclosure file_type=zip
INFO parsed 2336 records from https://www.icicipruamc.com/blob/downloads/Files/Fortnightly%20Portfolio%20Disclosures/2026/Fortnightly%20Debt%20Scheme%20Portfolio%20-%2031st%20January%202026.zip
WARNING snapshot_pct_sum out of range [85.0, 115.0]: scheme='ICICI Prudential Corporate Bond Fund' reporting_date='2026-01-31' pct_sum=77.9041 n_records=231
WARNING snapshot_pct_sum out of range [85.0, 115.0]: scheme='ICICI Prudential Floating Interest Fund' reporting_date='2026-01-31' pct_sum=10.7533 n_records=100
WARNING snapshot_pct_sum out of range [85.0, 115.0]: scheme='ICICI Prudential Gilt Fund' reporting_date='2026-01-31' pct_sum=49.7099 n_records=70
WARNING snapshot_pct_sum out of range [85.0, 115.0]: scheme='ICICI Prudential Regular Savings Fund' reporting_date='2026-01-31' pct_sum=122.2821 n_records=141
WARNING snapshot_pct_sum out of range [85.0, 115.0]: scheme='ICICI Prudential Savings Fund' reporting_date='2026-01-31' pct_sum=70.1808 n_records=245
WARNING snapshot_pct_sum out of range [85.0, 115.0]: scheme='ICICI Prudential Short Term Fund' reporting_date='2026-01-31' pct_sum=82.8804 n_records=207
WARNING snapshot_pct_sum out of range [85.0, 115.0]: scheme='ICICI Prudential Ultra Short Term Fund' reporting_date='2026-01-31' pct_sum=50.2342 n_records=169
WARNING snapshot_pct_sum out of range [85.0, 115.0]: scheme='ICICI Prudential All Seasons Bond Fund' reporting_date='2026-01-31' pct_sum=67.8387 n_records=130
WARNING snapshot_pct_sum out of range [85.0, 115.0]: scheme='ICICI Prudential Banking & PSU Debt Fund' reporting_date='2026-01-31' pct_sum=82.0766 n_records=116
WARNING snapshot_pct_sum out of range [85.0, 115.0]: scheme='ICICI Prudential Bond Fund' reporting_date='2026-01-31' pct_sum=38.2255 n_records=66
INFO Routing to parser=portfolio_zip for dataset_type=portfolio_disclosure file_type=zip
INFO parsed 2365 records from https://www.icicipruamc.com/blob/downloads/Files/Fortnightly%20Portfolio%20Disclosures/2026/Fortnightly%20Debt%20Scheme%20Portfolio%20-%2015th%20January%202026.zip
WARNING snapshot_pct_sum out of range [85.0, 115.0]: scheme='ICICI Prudential Savings Fund' reporting_date='2026-01-15' pct_sum=74.3304 n_records=244
WARNING snapshot_pct_sum out of range [85.0, 115.0]: scheme='ICICI Prudential Short Term Fund' reporting_date='2026-01-15' pct_sum=76.617 n_records=203
WARNING snapshot_pct_sum out of range [85.0, 115.0]: scheme='ICICI Prudential Ultra Short Term Fund' reporting_date='2026-01-15' pct_sum=68.9666 n_records=158
WARNING snapshot_pct_sum out of range [85.0, 115.0]: scheme='ICICI Prudential All Seasons Bond Fund' reporting_date='2026-01-15' pct_sum=52.0967 n_records=144
WARNING snapshot_pct_sum out of range [85.0, 115.0]: scheme='ICICI Prudential Banking & PSU Debt Fund' reporting_date='2026-01-15' pct_sum=80.5444 n_records=119
WARNING snapshot_pct_sum out of range [85.0, 115.0]: scheme='ICICI Prudential Bond Fund' reporting_date='2026-01-15' pct_sum=32.696 n_records=70
WARNING snapshot_pct_sum out of range [85.0, 115.0]: scheme='ICICI Prudential Corporate Bond Fund' reporting_date='2026-01-15' pct_sum=73.8136 n_records=238
WARNING snapshot_pct_sum out of range [85.0, 115.0]: scheme='ICICI Prudential Floating Interest Fund' reporting_date='2026-01-15' pct_sum=20.4931 n_records=97
WARNING snapshot_pct_sum out of range [85.0, 115.0]: scheme='ICICI Prudential Gilt Fund' reporting_date='2026-01-15' pct_sum=17.0663 n_records=90
WARNING snapshot_pct_sum out of range [85.0, 115.0]: scheme='ICICI Prudential Long Term Bond Fund' reporting_date='2026-01-15' pct_sum=73.0302 n_records=30
INFO Routing to parser=portfolio_zip for dataset_type=portfolio_disclosure file_type=zip
INFO parsed 2492 records from https://www.icicipruamc.com/blob/downloads/Files/Fortnightly%20Portfolio%20Disclosures/2025/Fortnightly%20Debt%20Scheme%20Portfolio%20-%2031st%20December%202025.zip
WARNING snapshot_pct_sum out of range [85.0, 115.0]: scheme='ICICI Prudential Corporate Bond Fund' reporting_date='2025-12-31' pct_sum=72.7186 n_records=260
WARNING snapshot_pct_sum out of range [85.0, 115.0]: scheme='ICICI Prudential Floating Interest Fund' reporting_date='2025-12-31' pct_sum=25.4659 n_records=99
WARNING snapshot_pct_sum out of range [85.0, 115.0]: scheme='ICICI Prudential Gilt Fund' reporting_date='2025-12-31' pct_sum=-10.6122 n_records=103
WARNING snapshot_pct_sum out of range [85.0, 115.0]: scheme='ICICI Prudential Long Term Bond Fund' reporting_date='2025-12-31' pct_sum=73.2281 n_records=30
WARNING snapshot_pct_sum out of range [85.0, 115.0]: scheme='ICICI Prudential Retirement Fund - Pure Debt Plan' reporting_date='2025-12-31' pct_sum=84.8189 n_records=16
WARNING snapshot_pct_sum out of range [85.0, 115.0]: scheme='ICICI Prudential Savings Fund' reporting_date='2025-12-31' pct_sum=75.0503 n_records=250
WARNING snapshot_pct_sum out of range [85.0, 115.0]: scheme='ICICI Prudential Short Term Fund' reporting_date='2025-12-31' pct_sum=82.1376 n_records=227
WARNING snapshot_pct_sum out of range [85.0, 115.0]: scheme='ICICI Prudential Ultra Short Term Fund' reporting_date='2025-12-31' pct_sum=84.3005 n_records=167
WARNING snapshot_pct_sum out of range [85.0, 115.0]: scheme='ICICI Prudential All Seasons Bond Fund' reporting_date='2025-12-31' pct_sum=38.0349 n_records=157
WARNING snapshot_pct_sum out of range [85.0, 115.0]: scheme='ICICI Prudential Banking & PSU Debt Fund' reporting_date='2025-12-31' pct_sum=72.7687 n_records=126
WARNING snapshot_pct_sum out of range [85.0, 115.0]: scheme='ICICI Prudential Bond Fund' reporting_date='2025-12-31' pct_sum=30.4436 n_records=73
INFO Routing to parser=portfolio_zip for dataset_type=portfolio_disclosure file_type=zip
INFO parsed 2504 records from https://www.icicipruamc.com/blob/downloads/Files/Fortnightly%20Portfolio%20Disclosures/2025/Fortnightly%20Debt%20Scheme%20Portfolio%20-%2015th%20December%202025.zip
WARNING snapshot_pct_sum out of range [85.0, 115.0]: scheme='ICICI Prudential Corporate Bond Fund' reporting_date='2025-12-15' pct_sum=68.5181 n_records=262
WARNING snapshot_pct_sum out of range [85.0, 115.0]: scheme='ICICI Prudential Floating Interest Fund' reporting_date='2025-12-15' pct_sum=21.7473 n_records=95
WARNING snapshot_pct_sum out of range [85.0, 115.0]: scheme='ICICI Prudential Gilt Fund' reporting_date='2025-12-15' pct_sum=-17.1761 n_records=102
WARNING snapshot_pct_sum out of range [85.0, 115.0]: scheme='ICICI Prudential Long Term Bond Fund' reporting_date='2025-12-15' pct_sum=71.8729 n_records=30
WARNING snapshot_pct_sum out of range [85.0, 115.0]: scheme='ICICI Prudential Retirement Fund - Pure Debt Plan' reporting_date='2025-12-15' pct_sum=79.8153 n_records=15
WARNING snapshot_pct_sum out of range [85.0, 115.0]: scheme='ICICI Prudential Savings Fund' reporting_date='2025-12-15' pct_sum=68.3422 n_records=258
WARNING snapshot_pct_sum out of range [85.0, 115.0]: scheme='ICICI Prudential Short Term Fund' reporting_date='2025-12-15' pct_sum=72.0133 n_records=230
WARNING snapshot_pct_sum out of range [85.0, 115.0]: scheme='ICICI Prudential Ultra Short Term Fund' reporting_date='2025-12-15' pct_sum=60.9618 n_records=175
WARNING snapshot_pct_sum out of range [85.0, 115.0]: scheme='ICICI Prudential All Seasons Bond Fund' reporting_date='2025-12-15' pct_sum=34.7331 n_records=157
WARNING snapshot_pct_sum out of range [85.0, 115.0]: scheme='ICICI Prudential Banking & PSU Debt Fund' reporting_date='2025-12-15' pct_sum=71.4218 n_records=124
WARNING snapshot_pct_sum out of range [85.0, 115.0]: scheme='ICICI Prudential Bond Fund' reporting_date='2025-12-15' pct_sum=20.4296 n_records=73
INFO Routing to parser=portfolio_zip for dataset_type=portfolio_disclosure file_type=zip
INFO parsed 2517 records from https://www.icicipruamc.com/blob/downloads/Files/Fortnightly%20Portfolio%20Disclosures/2025/Fortnightly%20Debt%20Scheme%20Portfolio%20-%2030th%20November%202025.zip
WARNING snapshot_pct_sum out of range [85.0, 115.0]: scheme='ICICI Prudential Corporate Bond Fund' reporting_date='2025-11-30' pct_sum=69.3088 n_records=267
WARNING snapshot_pct_sum out of range [85.0, 115.0]: scheme='ICICI Prudential Floating Interest Fund' reporting_date='2025-11-30' pct_sum=30.4492 n_records=98
WARNING snapshot_pct_sum out of range [85.0, 115.0]: scheme='ICICI Prudential Gilt Fund' reporting_date='2025-11-30' pct_sum=-28.3882 n_records=111
WARNING snapshot_pct_sum out of range [85.0, 115.0]: scheme='ICICI Prudential Long Term Bond Fund' reporting_date='2025-11-30' pct_sum=66.789 n_records=31
WARNING snapshot_pct_sum out of range [85.0, 115.0]: scheme='ICICI Prudential Overnight Fund' reporting_date='2025-11-30' pct_sum=4.6105 n_records=4
WARNING snapshot_pct_sum out of range [85.0, 115.0]: scheme='ICICI Prudential Retirement Fund - Hybrid Conservative Plan' reporting_date='2025-11-30' pct_sum=124.7363 n_records=40
WARNING snapshot_pct_sum out of range [85.0, 115.0]: scheme='ICICI Prudential Savings Fund' reporting_date='2025-11-30' pct_sum=69.0682 n_records=253
WARNING snapshot_pct_sum out of range [85.0, 115.0]: scheme='ICICI Prudential Short Term Fund' reporting_date='2025-11-30' pct_sum=73.0964 n_records=230
WARNING snapshot_pct_sum out of range [85.0, 115.0]: scheme='ICICI Prudential Ultra Short Term Fund' reporting_date='2025-11-30' pct_sum=64.4576 n_records=173
WARNING snapshot_pct_sum out of range [85.0, 115.0]: scheme='ICICI Prudential All Seasons Bond Fund' reporting_date='2025-11-30' pct_sum=31.032 n_records=165
WARNING snapshot_pct_sum out of range [85.0, 115.0]: scheme='ICICI Prudential Banking & PSU Debt Fund' reporting_date='2025-11-30' pct_sum=70.3488 n_records=132
WARNING snapshot_pct_sum out of range [85.0, 115.0]: scheme='ICICI Prudential Bond Fund' reporting_date='2025-11-30' pct_sum=9.0936 n_records=78
INFO Routing to parser=portfolio_zip for dataset_type=portfolio_disclosure file_type=zip
INFO parsed 2506 records from https://www.icicipruamc.com/blob/downloads/Files/Fortnightly%20Portfolio%20Disclosures/2025/Fortnightly%20Debt%20Scheme%20Portfolio%20-%2015th%20November%202025.zip
WARNING snapshot_pct_sum out of range [85.0, 115.0]: scheme='ICICI Prudential Corporate Bond Fund' reporting_date='2025-11-15' pct_sum=71.3204 n_records=267
WARNING snapshot_pct_sum out of range [85.0, 115.0]: scheme='ICICI Prudential Floating Interest Fund' reporting_date='2025-11-15' pct_sum=39.4731 n_records=94
WARNING snapshot_pct_sum out of range [85.0, 115.0]: scheme='ICICI Prudential Gilt Fund' reporting_date='2025-11-15' pct_sum=-23.2295 n_records=105
WARNING snapshot_pct_sum out of range [85.0, 115.0]: scheme='ICICI Prudential Long Term Bond Fund' reporting_date='2025-11-15' pct_sum=65.8675 n_records=29
WARNING snapshot_pct_sum out of range [85.0, 115.0]: scheme='ICICI Prudential Regular Savings Fund' reporting_date='2025-11-15' pct_sum=121.3911 n_records=142
WARNING snapshot_pct_sum out of range [85.0, 115.0]: scheme='ICICI Prudential Retirement Fund - Hybrid Conservative Plan' reporting_date='2025-11-15' pct_sum=123.7692 n_records=41
WARNING snapshot_pct_sum out of range [85.0, 115.0]: scheme='ICICI Prudential Savings Fund' reporting_date='2025-11-15' pct_sum=65.2262 n_records=249
WARNING snapshot_pct_sum out of range [85.0, 115.0]: scheme='ICICI Prudential Short Term Fund' reporting_date='2025-11-15' pct_sum=70.3589 n_records=224
WARNING snapshot_pct_sum out of range [85.0, 115.0]: scheme='ICICI Prudential Ultra Short Term Fund' reporting_date='2025-11-15' pct_sum=57.459 n_records=161
WARNING snapshot_pct_sum out of range [85.0, 115.0]: scheme='ICICI Prudential All Seasons Bond Fund' reporting_date='2025-11-15' pct_sum=32.5061 n_records=171
WARNING snapshot_pct_sum out of range [85.0, 115.0]: scheme='ICICI Prudential Banking & PSU Debt Fund' reporting_date='2025-11-15' pct_sum=71.0957 n_records=134
WARNING snapshot_pct_sum out of range [85.0, 115.0]: scheme='ICICI Prudential Bond Fund' reporting_date='2025-11-15' pct_sum=10.72 n_records=86
INFO Routing to parser=portfolio_zip for dataset_type=portfolio_disclosure file_type=zip
INFO parsed 2520 records from https://www.icicipruamc.com/blob/downloads/Files/Fortnightly%20Portfolio%20Disclosures/2025/Fortnightly%20Debt%20Scheme%20Portfolio%20-%2031st%20October%202025.zip
WARNING snapshot_pct_sum out of range [85.0, 115.0]: scheme='ICICI Prudential Floating Interest Fund' reporting_date='2025-10-31' pct_sum=43.612 n_records=97
WARNING snapshot_pct_sum out of range [85.0, 115.0]: scheme='ICICI Prudential Gilt Fund' reporting_date='2025-10-31' pct_sum=-21.6239 n_records=105
WARNING snapshot_pct_sum out of range [85.0, 115.0]: scheme='ICICI Prudential Long Term Bond Fund' reporting_date='2025-10-31' pct_sum=66.968 n_records=31
WARNING snapshot_pct_sum out of range [85.0, 115.0]: scheme='ICICI Prudential Regular Savings Fund' reporting_date='2025-10-31' pct_sum=118.954 n_records=139
WARNING snapshot_pct_sum out of range [85.0, 115.0]: scheme='ICICI Prudential Retirement Fund - Hybrid Conservative Plan' reporting_date='2025-10-31' pct_sum=123.2469 n_records=41
WARNING snapshot_pct_sum out of range [85.0, 115.0]: scheme='ICICI Prudential Savings Fund' reporting_date='2025-10-31' pct_sum=68.1123 n_records=253
WARNING snapshot_pct_sum out of range [85.0, 115.0]: scheme='ICICI Prudential Short Term Fund' reporting_date='2025-10-31' pct_sum=73.1768 n_records=224
WARNING snapshot_pct_sum out of range [85.0, 115.0]: scheme='ICICI Prudential Ultra Short Term Fund' reporting_date='2025-10-31' pct_sum=59.7697 n_records=164
WARNING snapshot_pct_sum out of range [85.0, 115.0]: scheme='ICICI Prudential All Seasons Bond Fund' reporting_date='2025-10-31' pct_sum=33.0142 n_records=174
WARNING snapshot_pct_sum out of range [85.0, 115.0]: scheme='ICICI Prudential Banking & PSU Debt Fund' reporting_date='2025-10-31' pct_sum=72.1328 n_records=137
WARNING snapshot_pct_sum out of range [85.0, 115.0]: scheme='ICICI Prudential Bond Fund' reporting_date='2025-10-31' pct_sum=16.393 n_records=85
WARNING snapshot_pct_sum out of range [85.0, 115.0]: scheme='ICICI Prudential Corporate Bond Fund' reporting_date='2025-10-31' pct_sum=74.1322 n_records=253
INFO SKIP (re-fetched checksum known): https://www.icicipruamc.com/blob/downloads/Files/Fortnightly%20Portfolio%20Disclosures/2026/Fortnightly%20Debt%20Scheme%20Portfolio%20-%2015th%20August%202026.zip
INFO SKIP (re-fetched checksum known): https://www.icicipruamc.com/blob/downloads/Files/Fortnightly%20Portfolio%20Disclosures/2026/Fortnightly%20Debt%20Scheme%20Portfolio%20-%2031st%20July%202026.zip
INFO SKIP (re-fetched checksum known): https://www.icicipruamc.com/blob/downloads/Files/Fortnightly%20Portfolio%20Disclosures/2026/Fortnightly%20Debt%20Scheme%20Portfolio%20-%2015th%20July%202026.zip
INFO SKIP (re-fetched checksum known): https://www.icicipruamc.com/blob/downloads/Files/Fortnightly%20Portfolio%20Disclosures/2026/Fortnightly%20Debt%20Scheme%20Portfolio%20-%2030th%20June%202026.zip
INFO SKIP (re-fetched checksum known): https://www.icicipruamc.com/blob/downloads/Files/Fortnightly%20Portfolio%20Disclosures/2026/Fortnightly%20Debt%20Scheme%20Portfolio%20-%2015th%20June%202026.zip
INFO SKIP (re-fetched checksum known): https://www.icicipruamc.com/blob/downloads/Files/Fortnightly%20Portfolio%20Disclosures/2026/Fortnightly%20Debt%20Scheme%20Portfolio%20-%2031st%20May%202026.zip
INFO SKIP (re-fetched checksum known): https://www.icicipruamc.com/blob/downloads/Files/Fortnightly%20Portfolio%20Disclosures/2026/Fortnightly%20Debt%20Scheme%20Portfolio%20-%2015th%20May%202026.zip
INFO SKIP (re-fetched checksum known): https://www.icicipruamc.com/blob/downloads/Files/Fortnightly%20Portfolio%20Disclosures/2026/Fortnightly%20Debt%20Scheme%20Portfolio%20-%2030th%20April%202026.zip
INFO SKIP (re-fetched checksum known): https://www.icicipruamc.com/blob/downloads/Files/Fortnightly%20Portfolio%20Disclosures/2026/Fortnightly%20Debt%20Scheme%20Portfolio%20-%2015th%20April%202026.zip
INFO SKIP (re-fetched checksum known): https://www.icicipruamc.com/blob/downloads/Files/Fortnightly%20Portfolio%20Disclosures/2026/Fortnightly%20Debt%20Scheme%20Portfolio%20-%2031st%20March%202026.zip
INFO SKIP (re-fetched checksum known): https://www.icicipruamc.com/blob/downloads/Files/Fortnightly%20Portfolio%20Disclosures/2026/Fortnightly%20Debt%20Scheme%20Portfolio%20-%2015th%20March%202026.zip
INFO SKIP (re-fetched checksum known): https://www.icicipruamc.com/blob/downloads/Files/Fortnightly%20Portfolio%20Disclosures/2026/Fortnightly%20Debt%20Scheme%20Portfolio%20-%2028th%20February%202026.zip
INFO SKIP (re-fetched checksum known): https://www.icicipruamc.com/blob/downloads/Files/Fortnightly%20Portfolio%20Disclosures/2026/Fortnightly%20Debt%20Scheme%20Portfolio%20-%2015th%20February%202026.zip
INFO SKIP (re-fetched checksum known): https://www.icicipruamc.com/blob/downloads/Files/Fortnightly%20Portfolio%20Disclosures/2026/Fortnightly%20Debt%20Scheme%20Portfolio%20-%2031st%20January%202026.zip
INFO SKIP (re-fetched checksum known): https://www.icicipruamc.com/blob/downloads/Files/Fortnightly%20Portfolio%20Disclosures/2026/Fortnightly%20Debt%20Scheme%20Portfolio%20-%2015th%20January%202026.zip
INFO SKIP (re-fetched checksum known): https://www.icicipruamc.com/blob/downloads/Files/Fortnightly%20Portfolio%20Disclosures/2025/Fortnightly%20Debt%20Scheme%20Portfolio%20-%2031st%20December%202025.zip
INFO SKIP (re-fetched checksum known): https://www.icicipruamc.com/blob/downloads/Files/Fortnightly%20Portfolio%20Disclosures/2026/Fortnightly%20Debt%20Scheme%20Portfolio%20-%2015th%20August%202026.zip
INFO SKIP (re-fetched checksum known): https://www.icicipruamc.com/blob/downloads/Files/Fortnightly%20Portfolio%20Disclosures/2026/Fortnightly%20Debt%20Scheme%20Portfolio%20-%2031st%20July%202026.zip
INFO SKIP (re-fetched checksum known): https://www.icicipruamc.com/blob/downloads/Files/Fortnightly%20Portfolio%20Disclosures/2026/Fortnightly%20Debt%20Scheme%20Portfolio%20-%2015th%20July%202026.zip
INFO SKIP (re-fetched checksum known): https://www.icicipruamc.com/blob/downloads/Files/Fortnightly%20Portfolio%20Disclosures/2026/Fortnightly%20Debt%20Scheme%20Portfolio%20-%2030th%20June%202026.zip
INFO SKIP (re-fetched checksum known): https://www.icicipruamc.com/blob/downloads/Files/Fortnightly%20Portfolio%20Disclosures/2026/Fortnightly%20Debt%20Scheme%20Portfolio%20-%2015th%20June%202026.zip
INFO SKIP (re-fetched checksum known): https://www.icicipruamc.com/blob/downloads/Files/Fortnightly%20Portfolio%20Disclosures/2026/Fortnightly%20Debt%20Scheme%20Portfolio%20-%2031st%20May%202026.zip
INFO SKIP (re-fetched checksum known): https://www.icicipruamc.com/blob/downloads/Files/Fortnightly%20Portfolio%20Disclosures/2026/Fortnightly%20Debt%20Scheme%20Portfolio%20-%2015th%20May%202026.zip
INFO SKIP (re-fetched checksum known): https://www.icicipruamc.com/blob/downloads/Files/Fortnightly%20Portfolio%20Disclosures/2026/Fortnightly%20Debt%20Scheme%20Portfolio%20-%2030th%20April%202026.zip
INFO SKIP (re-fetched checksum known): https://www.icicipruamc.com/blob/downloads/Files/Fortnightly%20Portfolio%20Disclosures/2026/Fortnightly%20Debt%20Scheme%20Portfolio%20-%2015th%20April%202026.zip
INFO SKIP (re-fetched checksum known): https://www.icicipruamc.com/blob/downloads/Files/Fortnightly%20Portfolio%20Disclosures/2026/Fortnightly%20Debt%20Scheme%20Portfolio%20-%2031st%20March%202026.zip
INFO SKIP (re-fetched checksum known): https://www.icicipruamc.com/blob/downloads/Files/Fortnightly%20Portfolio%20Disclosures/2026/Fortnightly%20Debt%20Scheme%20Portfolio%20-%2015th%20August%202026.zip
INFO SKIP (re-fetched checksum known): https://www.icicipruamc.com/blob/downloads/Files/Fortnightly%20Portfolio%20Disclosures/2026/Fortnightly%20Debt%20Scheme%20Portfolio%20-%2031st%20July%202026.zip
INFO SKIP (re-fetched checksum known): https://www.icicipruamc.com/blob/downloads/Files/Fortnightly%20Portfolio%20Disclosures/2026/Fortnightly%20Debt%20Scheme%20Portfolio%20-%2015th%20July%202026.zip
INFO SKIP (re-fetched checksum known): https://www.icicipruamc.com/blob/downloads/Files/Fortnightly%20Portfolio%20Disclosures/2026/Fortnightly%20Debt%20Scheme%20Portfolio%20-%2030th%20June%202026.zip
INFO SKIP (re-fetched checksum known): https://www.icicipruamc.com/blob/downloads/Files/Fortnightly%20Portfolio%20Disclosures/2026/Fortnightly%20Debt%20Scheme%20Portfolio%20-%2015th%20June%202026.zip
INFO SKIP (re-fetched checksum known): https://www.icicipruamc.com/blob/downloads/Files/Fortnightly%20Portfolio%20Disclosures/2026/Fortnightly%20Debt%20Scheme%20Portfolio%20-%2031st%20May%202026.zip
INFO SKIP (re-fetched checksum known): https://www.icicipruamc.com/blob/downloads/Files/Fortnightly%20Portfolio%20Disclosures/2026/Fortnightly%20Debt%20Scheme%20Portfolio%20-%2015th%20May%202026.zip
INFO SKIP (re-fetched checksum known): https://www.icicipruamc.com/blob/downloads/Files/Fortnightly%20Portfolio%20Disclosures/2026/Fortnightly%20Debt%20Scheme%20Portfolio%20-%2030th%20April%202026.zip
INFO SKIP (re-fetched checksum known): https://www.icicipruamc.com/blob/downloads/Files/Fortnightly%20Portfolio%20Disclosures/2026/Fortnightly%20Debt%20Scheme%20Portfolio%20-%2015th%20April%202026.zip
INFO SKIP (re-fetched checksum known): https://www.icicipruamc.com/blob/downloads/Files/Fortnightly%20Portfolio%20Disclosures/2026/Fortnightly%20Debt%20Scheme%20Portfolio%20-%2031st%20March%202026.zip
INFO SKIP (re-fetched checksum known): https://www.icicipruamc.com/blob/downloads/Files/Fortnightly%20Portfolio%20Disclosures/2026/Fortnightly%20Debt%20Scheme%20Portfolio%20-%2015th%20March%202026.zip
INFO SKIP (re-fetched checksum known): https://www.icicipruamc.com/blob/downloads/Files/Fortnightly%20Portfolio%20Disclosures/2026/Fortnightly%20Debt%20Scheme%20Portfolio%20-%2028th%20February%202026.zip
INFO SKIP (re-fetched checksum known): https://www.icicipruamc.com/blob/downloads/Files/Fortnightly%20Portfolio%20Disclosures/2026/Fortnightly%20Debt%20Scheme%20Portfolio%20-%2015th%20February%202026.zip
INFO SKIP (re-fetched checksum known): https://www.icicipruamc.com/blob/downloads/Files/Fortnightly%20Portfolio%20Disclosures/2026/Fortnightly%20Debt%20Scheme%20Portfolio%20-%2031st%20January%202026.zip
INFO SKIP (re-fetched checksum known): https://www.icicipruamc.com/blob/downloads/Files/Fortnightly%20Portfolio%20Disclosures/2026/Fortnightly%20Debt%20Scheme%20Portfolio%20-%2015th%20January%202026.zip
INFO SKIP (re-fetched checksum known): https://www.icicipruamc.com/blob/downloads/Files/Fortnightly%20Portfolio%20Disclosures/2025/Fortnightly%20Debt%20Scheme%20Portfolio%20-%2031st%20December%202025.zip
INFO SKIP (re-fetched checksum known): https://www.icicipruamc.com/blob/downloads/Files/Fortnightly%20Portfolio%20Disclosures/2025/Fortnightly%20Debt%20Scheme%20Portfolio%20-%2015th%20December%202025.zip
INFO SKIP (re-fetched checksum known): https://www.icicipruamc.com/blob/downloads/Files/Fortnightly%20Portfolio%20Disclosures/2025/Fortnightly%20Debt%20Scheme%20Portfolio%20-%2030th%20November%202025.zip
INFO SKIP (re-fetched checksum known): https://www.icicipruamc.com/blob/downloads/Files/Fortnightly%20Portfolio%20Disclosures/2025/Fortnightly%20Debt%20Scheme%20Portfolio%20-%2015th%20November%202025.zip
INFO SKIP (re-fetched checksum known): https://www.icicipruamc.com/blob/downloads/Files/Fortnightly%20Portfolio%20Disclosures/2025/Fortnightly%20Debt%20Scheme%20Portfolio%20-%2031st%20October%202025.zip
INFO SKIP (re-fetched checksum known): https://www.icicipruamc.com/blob/downloads/Files/Fortnightly%20Portfolio%20Disclosures/2026/Fortnightly%20Debt%20Scheme%20Portfolio%20-%2015th%20August%202026.zip
INFO SKIP (re-fetched checksum known): https://www.icicipruamc.com/blob/downloads/Files/Fortnightly%20Portfolio%20Disclosures/2026/Fortnightly%20Debt%20Scheme%20Portfolio%20-%2031st%20July%202026.zip
INFO SKIP (re-fetched checksum known): https://www.icicipruamc.com/blob/downloads/Files/Fortnightly%20Portfolio%20Disclosures/2026/Fortnightly%20Debt%20Scheme%20Portfolio%20-%2015th%20July%202026.zip
INFO SKIP (re-fetched checksum known): https://www.icicipruamc.com/blob/downloads/Files/Fortnightly%20Portfolio%20Disclosures/2026/Fortnightly%20Debt%20Scheme%20Portfolio%20-%2030th%20June%202026.zip
INFO SKIP (re-fetched checksum known): https://www.icicipruamc.com/blob/downloads/Files/Fortnightly%20Portfolio%20Disclosures/2026/Fortnightly%20Debt%20Scheme%20Portfolio%20-%2015th%20June%202026.zip
INFO SKIP (re-fetched checksum known): https://www.icicipruamc.com/blob/downloads/Files/Fortnightly%20Portfolio%20Disclosures/2026/Fortnightly%20Debt%20Scheme%20Portfolio%20-%2031st%20May%202026.zip
INFO SKIP (re-fetched checksum known): https://www.icicipruamc.com/blob/downloads/Files/Fortnightly%20Portfolio%20Disclosures/2026/Fortnightly%20Debt%20Scheme%20Portfolio%20-%2015th%20May%202026.zip
INFO SKIP (re-fetched checksum known): https://www.icicipruamc.com/blob/downloads/Files/Fortnightly%20Portfolio%20Disclosures/2026/Fortnightly%20Debt%20Scheme%20Portfolio%20-%2030th%20April%202026.zip
INFO SKIP (re-fetched checksum known): https://www.icicipruamc.com/blob/downloads/Files/Fortnightly%20Portfolio%20Disclosures/2026/Fortnightly%20Debt%20Scheme%20Portfolio%20-%2015th%20April%202026.zip
INFO SKIP (re-fetched checksum known): https://www.icicipruamc.com/blob/downloads/Files/Fortnightly%20Portfolio%20Disclosures/2026/Fortnightly%20Debt%20Scheme%20Portfolio%20-%2031st%20March%202026.zip
INFO SKIP (re-fetched checksum known): https://www.icicipruamc.com/blob/downloads/Files/Fortnightly%20Portfolio%20Disclosures/2026/Fortnightly%20Debt%20Scheme%20Portfolio%20-%2015th%20March%202026.zip
INFO SKIP (re-fetched checksum known): https://www.icicipruamc.com/blob/downloads/Files/Fortnightly%20Portfolio%20Disclosures/2026/Fortnightly%20Debt%20Scheme%20Portfolio%20-%2028th%20February%202026.zip
INFO SKIP (re-fetched checksum known): https://www.icicipruamc.com/blob/downloads/Files/Fortnightly%20Portfolio%20Disclosures/2026/Fortnightly%20Debt%20Scheme%20Portfolio%20-%2015th%20February%202026.zip
INFO SKIP (re-fetched checksum known): https://www.icicipruamc.com/blob/downloads/Files/Fortnightly%20Portfolio%20Disclosures/2026/Fortnightly%20Debt%20Scheme%20Portfolio%20-%2031st%20January%202026.zip
INFO SKIP (re-fetched checksum known): https://www.icicipruamc.com/blob/downloads/Files/Fortnightly%20Portfolio%20Disclosures/2026/Fortnightly%20Debt%20Scheme%20Portfolio%20-%2015th%20January%202026.zip
INFO SKIP (re-fetched checksum known): https://www.icicipruamc.com/blob/downloads/Files/Fortnightly%20Portfolio%20Disclosures/2025/Fortnightly%20Debt%20Scheme%20Portfolio%20-%2031st%20December%202025.zip
INFO SKIP (re-fetched checksum known): https://www.icicipruamc.com/blob/downloads/Files/Fortnightly%20Portfolio%20Disclosures/2025/Fortnightly%20Debt%20Scheme%20Portfolio%20-%2015th%20December%202025.zip
INFO SKIP (re-fetched checksum known): https://www.icicipruamc.com/blob/downloads/Files/Fortnightly%20Portfolio%20Disclosures/2025/Fortnightly%20Debt%20Scheme%20Portfolio%20-%2030th%20November%202025.zip
INFO SKIP (re-fetched checksum known): https://www.icicipruamc.com/blob/downloads/Files/Fortnightly%20Portfolio%20Disclosures/2025/Fortnightly%20Debt%20Scheme%20Portfolio%20-%2015th%20November%202025.zip
INFO SKIP (re-fetched checksum known): https://www.icicipruamc.com/blob/downloads/Files/Fortnightly%20Portfolio%20Disclosures/2025/Fortnightly%20Debt%20Scheme%20Portfolio%20-%2031st%20October%202025.zip
INFO SKIP (re-fetched checksum known): https://www.icicipruamc.com/blob/downloads/Files/Fortnightly%20Portfolio%20Disclosures/2026/Fortnightly%20Debt%20Scheme%20Portfolio%20-%2015th%20August%202026.zip
INFO SKIP (re-fetched checksum known): https://www.icicipruamc.com/blob/downloads/Files/Fortnightly%20Portfolio%20Disclosures/2026/Fortnightly%20Debt%20Scheme%20Portfolio%20-%2031st%20July%202026.zip
INFO SKIP (re-fetched checksum known): https://www.icicipruamc.com/blob/downloads/Files/Fortnightly%20Portfolio%20Disclosures/2026/Fortnightly%20Debt%20Scheme%20Portfolio%20-%2015th%20July%202026.zip
INFO SKIP (re-fetched checksum known): https://www.icicipruamc.com/blob/downloads/Files/Fortnightly%20Portfolio%20Disclosures/2026/Fortnightly%20Debt%20Scheme%20Portfolio%20-%2015th%20August%202026.zip
INFO SKIP (re-fetched checksum known): https://www.icicipruamc.com/blob/downloads/Files/Fortnightly%20Portfolio%20Disclosures/2026/Fortnightly%20Debt%20Scheme%20Portfolio%20-%2031st%20July%202026.zip
INFO SKIP (re-fetched checksum known): https://www.icicipruamc.com/blob/downloads/Files/Fortnightly%20Portfolio%20Disclosures/2026/Fortnightly%20Debt%20Scheme%20Portfolio%20-%2015th%20July%202026.zip
INFO SKIP (re-fetched checksum known): https://www.icicipruamc.com/blob/downloads/Files/Fortnightly%20Portfolio%20Disclosures/2026/Fortnightly%20Debt%20Scheme%20Portfolio%20-%2015th%20August%202026.zip
INFO SKIP (re-fetched checksum known): https://www.icicipruamc.com/blob/downloads/Files/Fortnightly%20Portfolio%20Disclosures/2026/Fortnightly%20Debt%20Scheme%20Portfolio%20-%2031st%20July%202026.zip
INFO SKIP (re-fetched checksum known): https://www.icicipruamc.com/blob/downloads/Files/Fortnightly%20Portfolio%20Disclosures/2026/Fortnightly%20Debt%20Scheme%20Portfolio%20-%2015th%20July%202026.zip
INFO SKIP (re-fetched checksum known): https://www.icicipruamc.com/blob/downloads/Files/Fortnightly%20Portfolio%20Disclosures/2026/Fortnightly%20Debt%20Scheme%20Portfolio%20-%2030th%20June%202026.zip
INFO SKIP (re-fetched checksum known): https://www.icicipruamc.com/blob/downloads/Files/Fortnightly%20Portfolio%20Disclosures/2026/Fortnightly%20Debt%20Scheme%20Portfolio%20-%2015th%20June%202026.zip
INFO SKIP (re-fetched checksum known): https://www.icicipruamc.com/blob/downloads/Files/Fortnightly%20Portfolio%20Disclosures/2026/Fortnightly%20Debt%20Scheme%20Portfolio%20-%2031st%20May%202026.zip
INFO SKIP (re-fetched checksum known): https://www.icicipruamc.com/blob/downloads/Files/Fortnightly%20Portfolio%20Disclosures/2026/Fortnightly%20Debt%20Scheme%20Portfolio%20-%2015th%20May%202026.zip
INFO SKIP (re-fetched checksum known): https://www.icicipruamc.com/blob/downloads/Files/Fortnightly%20Portfolio%20Disclosures/2026/Fortnightly%20Debt%20Scheme%20Portfolio%20-%2030th%20April%202026.zip
INFO SKIP (re-fetched checksum known): https://www.icicipruamc.com/blob/downloads/Files/Fortnightly%20Portfolio%20Disclosures/2026/Fortnightly%20Debt%20Scheme%20Portfolio%20-%2015th%20August%202026.zip
INFO SKIP (re-fetched checksum known): https://www.icicipruamc.com/blob/downloads/Files/Fortnightly%20Portfolio%20Disclosures/2026/Fortnightly%20Debt%20Scheme%20Portfolio%20-%2015th%20August%202026.zip
INFO SKIP (re-fetched checksum known): https://www.icicipruamc.com/blob/downloads/Files/Fortnightly%20Portfolio%20Disclosures/2026/Fortnightly%20Debt%20Scheme%20Portfolio%20-%2015th%20August%202026.zip
INFO SKIP (re-fetched checksum known): https://www.icicipruamc.com/blob/downloads/Files/Fortnightly%20Portfolio%20Disclosures/2026/Fortnightly%20Debt%20Scheme%20Portfolio%20-%2015th%20August%202026.zip
INFO SKIP (re-fetched checksum known): https://www.icicipruamc.com/blob/downloads/Files/Fortnightly%20Portfolio%20Disclosures/2026/Fortnightly%20Debt%20Scheme%20Portfolio%20-%2015th%20August%202026.zip
INFO SKIP (re-fetched checksum known): https://www.icicipruamc.com/blob/downloads/Files/Fortnightly%20Portfolio%20Disclosures/2026/Fortnightly%20Debt%20Scheme%20Portfolio%20-%2015th%20August%202026.zip
INFO SKIP (re-fetched checksum known): https://www.icicipruamc.com/blob/downloads/Files/Fortnightly%20Portfolio%20Disclosures/2026/Fortnightly%20Debt%20Scheme%20Portfolio%20-%2015th%20August%202026.zip
INFO SKIP (re-fetched checksum known): https://www.icicipruamc.com/blob/downloads/Files/Fortnightly%20Portfolio%20Disclosures/2026/Fortnightly%20Debt%20Scheme%20Portfolio%20-%2015th%20August%202026.zip
INFO SKIP (re-fetched checksum known): https://www.icicipruamc.com/blob/downloads/Files/Fortnightly%20Portfolio%20Disclosures/2026/Fortnightly%20Debt%20Scheme%20Portfolio%20-%2015th%20August%202026.zip
INFO SKIP (re-fetched checksum known): https://www.icicipruamc.com/blob/downloads/Files/Fortnightly%20Portfolio%20Disclosures/2026/Fortnightly%20Debt%20Scheme%20Portfolio%20-%2015th%20August%202026.zip
INFO SKIP (re-fetched checksum known): https://www.icicipruamc.com/blob/downloads/Files/Fortnightly%20Portfolio%20Disclosures/2026/Fortnightly%20Debt%20Scheme%20Portfolio%20-%2015th%20August%202026.zip
INFO SKIP (re-fetched checksum known): https://www.icicipruamc.com/blob/downloads/Files/Fortnightly%20Portfolio%20Disclosures/2026/Fortnightly%20Debt%20Scheme%20Portfolio%20-%2015th%20August%202026.zip
INFO SKIP (re-fetched checksum known): https://www.icicipruamc.com/blob/downloads/Files/Fortnightly%20Portfolio%20Disclosures/2026/Fortnightly%20Debt%20Scheme%20Portfolio%20-%2015th%20August%202026.zip
INFO SKIP (re-fetched checksum known): https://www.icicipruamc.com/blob/downloads/Files/Fortnightly%20Portfolio%20Disclosures/2026/Fortnightly%20Debt%20Scheme%20Portfolio%20-%2015th%20August%202026.zip
INFO SKIP (re-fetched checksum known): https://www.icicipruamc.com/blob/downloads/Files/Fortnightly%20Portfolio%20Disclosures/2026/Fortnightly%20Debt%20Scheme%20Portfolio%20-%2015th%20August%202026.zip
INFO SKIP (re-fetched checksum known): https://www.icicipruamc.com/blob/downloads/Files/Fortnightly%20Portfolio%20Disclosures/2026/Fortnightly%20Debt%20Scheme%20Portfolio%20-%2015th%20August%202026.zip
INFO SKIP (re-fetched checksum known): https://www.icicipruamc.com/blob/downloads/Files/Fortnightly%20Portfolio%20Disclosures/2026/Fortnightly%20Debt%20Scheme%20Portfolio%20-%2015th%20August%202026.zip
INFO SKIP (re-fetched checksum known): https://www.icicipruamc.com/blob/downloads/Files/Fortnightly%20Portfolio%20Disclosures/2026/Fortnightly%20Debt%20Scheme%20Portfolio%20-%2015th%20August%202026.zip
INFO SKIP (re-fetched checksum known): https://www.icicipruamc.com/blob/downloads/Files/Fortnightly%20Portfolio%20Disclosures/2026/Fortnightly%20Debt%20Scheme%20Portfolio%20-%2015th%20August%202026.zip
{'fetched': 20, 'parse_ok': 20, 'parse_empty': 0, 'fetch_failed': 0, 'rows_upserted': 41932, 'rows_quarantined': 4234, 'snapshots_after': 3786}
